[2026-09-30 14:40:19.530497] [openram.globals/init_openram]: Initializing OpenRAM...
[2026-09-30 14:40:19.530701] [openram.globals/setup_paths]: OpenRAM source code found in /home/nisitha/OpenRAM/compiler
[2026-09-30 14:40:19.530908] [openram.globals/setup_paths]: Temporary files saved in /tmp/openram_nisitha_232180_temp/
[2026-09-30 14:40:19.531167] [openram.globals/read_config]: Configuration file is /media/nisitha/My_Passport/MOODLE/OpenRAM_Project/OpenRAM_Memory_Design/cache/sram/l1i_tag_array.py
[2026-09-30 14:40:19.533402] [openram.globals/read_config]: Output saved in /media/nisitha/My_Passport/MOODLE/OpenRAM_Project/OpenRAM_Memory_Design/cache/sram/l1i_tag_array/
[2026-09-30 14:40:19.533922] [openram.globals/import_tech]: Tech directory found in /home/nisitha/OpenRAM/technology:/home/nisitha/OpenRAM/compiler/../technology
[2026-09-30 14:40:19.534325] [openram.globals/import_tech]: Adding technology path: /home/nisitha/OpenRAM/technology
[2026-09-30 14:40:19.534713] [openram.globals/import_tech]: Adding technology path: /home/nisitha/OpenRAM/compiler/../technology
[2026-09-30 14:40:19.537818] [openram.globals/init_paths]: Creating temp directory: /tmp/openram_nisitha_232180_temp/
[2026-09-30 14:40:19.679847] [openram.globals/setup_bitcell]: Using bitcell: bitcell_2port
[2026-09-30 14:40:20.420534] [openram.characterizer/<module>]: Initializing characterizer...
[2026-09-30 14:40:20.428023] [openram.characterizer/<module>]: Analytical model enabled.
[2026-09-30 14:40:20.435979] [openram.verify/<module>]: Initializing verify...
[2026-09-30 14:40:20.443335] [openram.verify/<module>]: Finding DRC/LVS/PEX tools.
[2026-09-30 14:40:20.450716] [openram.globals/get_tool]: Using DRC: /nix/store/1zcyq032zc3mzhmgs2j3q2rmfrjj5v6b-magic-vlsi-8.3.629/bin/magic
[2026-09-30 14:40:20.458104] [openram.globals/get_tool]: Using LVS: /nix/store/h3crgmx1w7h86qjpr131igi7p576mp3x-netgen-1.5.318/bin/netgen
[2026-09-30 14:40:20.465468] [openram.globals/get_tool]: Using PEX: /nix/store/1zcyq032zc3mzhmgs2j3q2rmfrjj5v6b-magic-vlsi-8.3.629/bin/magic
[2026-09-30 14:40:20.466145] [openram.globals/setup_bitcell]: Using bitcell: bitcell_2port
[2026-09-30 14:40:20.466296] |==============================================================================|
[2026-09-30 14:40:20.466390] |=========                      OpenRAM v1.2.49                       =========|
[2026-09-30 14:40:20.466558] |=========                                                            =========|
[2026-09-30 14:40:20.466775] |=========               VLSI Design and Automation Lab               =========|
[2026-09-30 14:40:20.466967] |=========        Computer Science and Engineering Department         =========|
[2026-09-30 14:40:20.467080] |=========            University of California Santa Cruz             =========|
[2026-09-30 14:40:20.467184] |=========                                                            =========|
[2026-09-30 14:40:20.467291] |=========          Usage help: openram-user-group@ucsc.edu           =========|
[2026-09-30 14:40:20.467395] |=========        Development help: openram-dev-group@ucsc.edu        =========|
[2026-09-30 14:40:20.467498] |=========                See LICENSE for license info                =========|
[2026-09-30 14:40:20.467605] |==============================================================================|
[2026-09-30 14:40:20.467722] ** Start: 09/30/2026 14:40:20
[2026-09-30 14:40:20.467834] Technology: scn4m_subm
[2026-09-30 14:40:20.467943] Total size: 320 bits
[2026-09-30 14:40:20.468047] Word size: 10
Words: 32
Banks: 1
[2026-09-30 14:40:20.468151] RW ports: 0
R-only ports: 1
W-only ports: 1
[2026-09-30 14:40:20.468255] DRC/LVS/PEX is only run on the top-level design to save run-time (inline_lvsdrc=True to do inline checking).
[2026-09-30 14:40:20.468356] Characterization is disabled (using analytical delay models) (analytical_delay=False to simulate).
[2026-09-30 14:40:20.468459] Only generating nominal corner timing.
[2026-09-30 14:40:20.468562] Words per row: None
[2026-09-30 14:40:20.468678] Output files are: 
[2026-09-30 14:40:20.468783] /media/nisitha/My_Passport/MOODLE/OpenRAM_Project/OpenRAM_Memory_Design/cache/sram/l1i_tag_array/l1i_tag_array.lvs
[2026-09-30 14:40:20.468919] /media/nisitha/My_Passport/MOODLE/OpenRAM_Project/OpenRAM_Memory_Design/cache/sram/l1i_tag_array/l1i_tag_array.sp
[2026-09-30 14:40:20.469025] /media/nisitha/My_Passport/MOODLE/OpenRAM_Project/OpenRAM_Memory_Design/cache/sram/l1i_tag_array/l1i_tag_array.v
[2026-09-30 14:40:20.469127] /media/nisitha/My_Passport/MOODLE/OpenRAM_Project/OpenRAM_Memory_Design/cache/sram/l1i_tag_array/l1i_tag_array.lib
[2026-09-30 14:40:20.469230] /media/nisitha/My_Passport/MOODLE/OpenRAM_Project/OpenRAM_Memory_Design/cache/sram/l1i_tag_array/l1i_tag_array.py
[2026-09-30 14:40:20.469337] /media/nisitha/My_Passport/MOODLE/OpenRAM_Project/OpenRAM_Memory_Design/cache/sram/l1i_tag_array/l1i_tag_array.html
[2026-09-30 14:40:20.469440] /media/nisitha/My_Passport/MOODLE/OpenRAM_Project/OpenRAM_Memory_Design/cache/sram/l1i_tag_array/l1i_tag_array.log
[2026-09-30 14:40:20.469546] /media/nisitha/My_Passport/MOODLE/OpenRAM_Project/OpenRAM_Memory_Design/cache/sram/l1i_tag_array/l1i_tag_array.lef
[2026-09-30 14:40:20.469768] /media/nisitha/My_Passport/MOODLE/OpenRAM_Project/OpenRAM_Memory_Design/cache/sram/l1i_tag_array/l1i_tag_array.gds
[2026-09-30 14:40:20.478047] [openram.sram_config/recompute_sizes]: Recomputing with words per row: 2
[2026-09-30 14:40:20.478423] [openram.sram_config/recompute_sizes]: Rows: 16 Cols: 20
[2026-09-30 14:40:20.478731] [openram.sram_config/recompute_sizes]: Row addr size: 4 Col addr size: 1 Bank addr size: 5
[2026-09-30 14:40:20.478970] [openram.sram_config/compute_sizes]: Set SRAM Words Per Row=2
[2026-09-30 14:40:20.487227] [openram.modules.bitcell_base_array/__init__]: Creating l1i_tag_array_capped_replica_bitcell_array 16 x 20
[2026-09-30 14:40:20.487711] [openram.modules.capped_replica_bitcell_array/__init__]: Creating l1i_tag_array_capped_replica_bitcell_array 16 x 20 rbls: [1, 1] left_rbl: [0] right_rbl: [1]
[2026-09-30 14:40:20.488368] [openram.modules.bitcell_base_array/__init__]: Creating l1i_tag_array_replica_bitcell_array 16 x 20
[2026-09-30 14:40:20.488878] [openram.modules.replica_bitcell_array/__init__]: Creating l1i_tag_array_replica_bitcell_array 16 x 20 rbls: [1, 1] left_rbl: [0] right_rbl: [1]
[2026-09-30 14:40:20.489596] [openram.modules.bitcell_base_array/__init__]: Creating l1i_tag_array_bitcell_array 16 x 20
[2026-09-30 14:40:20.490192] [openram.modules.bitcell_array/__init__]: Creating l1i_tag_array_bitcell_array 16 x 20
[2026-09-30 14:40:20.579902] [openram.modules.bitcell_base_array/__init__]: Creating l1i_tag_array_replica_column 18 x 1
[2026-09-30 14:40:20.591607] [openram.modules.bitcell_base_array/__init__]: Creating l1i_tag_array_replica_column_0 18 x 1
[2026-09-30 14:40:20.597014] [openram.modules.bitcell_base_array/__init__]: Creating l1i_tag_array_dummy_array 1 x 20
[2026-09-30 14:40:20.627242] [openram.modules.bitcell_base_array/__init__]: Creating l1i_tag_array_dummy_array_0 1 x 22
[2026-09-30 14:40:20.635142] [openram.modules.bitcell_base_array/__init__]: Creating l1i_tag_array_dummy_array_1 1 x 22
[2026-09-30 14:40:20.643468] [openram.modules.bitcell_base_array/__init__]: Creating l1i_tag_array_dummy_array_2 20 x 1
[2026-09-30 14:40:20.649267] [openram.modules.bitcell_base_array/__init__]: Creating l1i_tag_array_dummy_array_3 20 x 1
[2026-09-30 14:40:20.706575] [openram.modules.and2_dec/__init__]: Creating and2_dec and2_dec
[2026-09-30 14:40:20.714242] [openram.modules.and3_dec/__init__]: Creating and3_dec and3_dec
[2026-09-30 14:40:20.730922] [openram.modules.and4_dec/__init__]: Creating and4_dec and4_dec
[2026-09-30 14:40:20.766520] [openram.modules.wordline_driver_array/__init__]: Creating l1i_tag_array_wordline_driver_array
[2026-09-30 14:40:20.767299] [openram.modules.wordline_driver/__init__]: Creating wordline_driver wordline_driver
[2026-09-30 14:40:20.778108] [openram.modules.and2_dec/__init__]: Creating and2_dec and2_dec_0
[2026-09-30 14:40:20.794123] [openram.modules.precharge_array/__init__]: Creating l1i_tag_array_precharge_array
[2026-09-30 14:40:20.803427] [openram.modules.column_mux_array/__init__]: Creating l1i_tag_array_column_mux_array
[2026-09-30 14:40:20.820032] [openram.modules.write_driver_array/__init__]: Creating l1i_tag_array_write_driver_array
[2026-09-30 14:40:20.847928] [openram.modules.precharge_array/__init__]: Creating l1i_tag_array_precharge_array_0
[2026-09-30 14:40:20.857154] [openram.modules.sense_amp_array/__init__]: Creating l1i_tag_array_sense_amp_array
[2026-09-30 14:40:20.868759] [openram.modules.column_mux_array/__init__]: Creating l1i_tag_array_column_mux_array_0
[2026-09-30 14:40:20.937604] [openram.modules.pinvbuf/__init__]: creating pinvbuf pinvbuf
[2026-09-30 14:40:20.974452] [openram.modules.dff_array/__init__]: Creating l1i_tag_array_row_addr_dff rows=4 cols=1
[2026-09-30 14:40:20.976963] [openram.modules.dff_array/__init__]: Creating l1i_tag_array_col_addr_dff rows=1 cols=1
[2026-09-30 14:40:20.978094] [openram.modules.dff_array/__init__]: Creating l1i_tag_array_data_dff rows=1 cols=10
[2026-09-30 14:40:20.982034] [openram.modules.control_logic_base/__init__]: Creating control_logic_w
[2026-09-30 14:40:20.982645] [openram.modules.dff_buf/__init__]: Creating l1i_tag_array_dff_buf
[2026-09-30 14:40:20.984411] [openram.modules.dff_buf_array/__init__]: Creating l1i_tag_array_dff_buf_array
[2026-09-30 14:40:20.985038] [openram.modules.dff_buf/__init__]: Creating l1i_tag_array_dff_buf_0
[2026-09-30 14:40:20.987661] [openram.modules.pand2/__init__]: Creating pand2 pand2
[2026-09-30 14:40:20.989900] [openram.modules.pdriver/__init__]: creating pdriver pdriver
[2026-09-30 14:40:20.993727] [openram.modules.pbuf/__init__]: creating pbuf with size of 20
[2026-09-30 14:40:20.999014] [openram.modules.pdriver/__init__]: creating pdriver pdriver_0
[2026-09-30 14:40:21.008660] [openram.modules.pdriver/__init__]: creating pdriver pdriver_1
[2026-09-30 14:40:21.010985] [openram.modules.pand3/__init__]: Creating pand3 pand3
[2026-09-30 14:40:21.013556] [openram.modules.pdriver/__init__]: creating pdriver pdriver_2
[2026-09-30 14:40:21.019167] [openram.modules.pand3/__init__]: Creating pand3 pand3_0
[2026-09-30 14:40:21.019861] [openram.modules.pdriver/__init__]: creating pdriver pdriver_3
[2026-09-30 14:40:21.021378] [openram.modules.pdriver/__init__]: creating pdriver pdriver_4
[2026-09-30 14:40:21.027548] [openram.modules.delay_chain/__init__]: creating delay chain [4, 4, 4, 4, 4, 4, 4, 4, 4]
[2026-09-30 14:40:21.049447] [openram.modules.control_logic_base/__init__]: Creating control_logic_r
[2026-09-30 14:40:21.057729] ** Submodules: 0.6 seconds
[2026-09-30 14:40:21.063576] ** Placement: 0.0 seconds
[2026-09-30 14:40:23.980070] [openram.base.hierarchy_layout/get_bbox]: Size: 652.0 x 529.2 with perimeter margin 0
[2026-09-30 14:40:23.990985] [openram.router.router_tech/__init__]: Minimum track width: 2.400
[2026-09-30 14:40:23.991724] [openram.router.router_tech/__init__]: Minimum track space: 1.200
[2026-09-30 14:40:23.992564] [openram.router.router_tech/__init__]: Minimum track wire width: 1.200
[2026-09-30 14:40:23.993250] [openram.router.signal_escape_router/route]: Running signal escape router...
[2026-09-30 14:40:25.684072] [openram.router.router_tech/__init__]: Minimum track width: 2.400
[2026-09-30 14:40:25.684661] [openram.router.router_tech/__init__]: Minimum track space: 1.200
[2026-09-30 14:40:25.685087] [openram.router.router_tech/__init__]: Minimum track wire width: 1.200
[2026-09-30 14:40:25.685445] [openram.router.supply_router/route]: Running router for vdd and gnd...
[2026-09-30 14:40:45.729704] ** Routing: 24.7 seconds
[2026-09-30 14:40:53.797751] [openram.verify.magic/run_drc]: DRC Errors l1i_tag_array	0
[2026-09-30 14:40:54.803499] [openram.verify.magic/run_lvs]: l1i_tag_array	LVS matches
[2026-09-30 14:40:54.804425] ** Verification: 9.1 seconds
[2026-09-30 14:40:54.804574] ** SRAM creation: 34.3 seconds
[2026-09-30 14:40:54.804713] SP: Writing to /media/nisitha/My_Passport/MOODLE/OpenRAM_Project/OpenRAM_Memory_Design/cache/sram/l1i_tag_array/l1i_tag_array.sp
[2026-09-30 14:40:54.819246] [openram.characterizer.functional/__init__]: Random seed for functional simulation: 1790759454818946779
[2026-09-30 14:40:54.838880] ** Spice writing: 0.0 seconds
[2026-09-30 14:40:54.839045] DELAY: Writing stimulus...
[2026-09-30 14:40:54.924034] [openram.characterizer.delay/create_sen_and_bitline_path_measures]: self.bl_name = xl1i_tag_array.xbank0.bl_1_19
[2026-09-30 14:40:54.926046] ** DELAY: 0.1 seconds
[2026-09-30 14:40:54.939290] GDS: Writing to /media/nisitha/My_Passport/MOODLE/OpenRAM_Project/OpenRAM_Memory_Design/cache/sram/l1i_tag_array/l1i_tag_array.gds
[2026-09-30 14:40:54.999766] ** GDS: 0.1 seconds
[2026-09-30 14:40:54.999917] LEF: Writing to /media/nisitha/My_Passport/MOODLE/OpenRAM_Project/OpenRAM_Memory_Design/cache/sram/l1i_tag_array/l1i_tag_array.lef
[2026-09-30 14:40:55.006240] ** LEF: 0.0 seconds
[2026-09-30 14:40:55.006399] LVS: Writing to /media/nisitha/My_Passport/MOODLE/OpenRAM_Project/OpenRAM_Memory_Design/cache/sram/l1i_tag_array/l1i_tag_array.lvs.sp
[2026-09-30 14:40:55.022763] ** LVS writing: 0.0 seconds
[2026-09-30 14:40:55.022892] LIB: Characterizing... 
[2026-09-30 14:40:55.023629] [openram.characterizer.lib/prepare_tables]: Slews: [0.0125 0.05   0.4   ]
[2026-09-30 14:40:55.024166] [openram.characterizer.lib/prepare_tables]: Loads: [ 2.45605  9.8242  39.2968 ]
[2026-09-30 14:40:55.024579] [openram.characterizer.lib/prepare_tables]: self.load_slews : [(np.float64(2.45605), np.float64(0.0125)), (np.float64(9.8242), np.float64(0.0125)), (np.float64(39.2968), np.float64(0.0125)), (np.float64(2.45605), np.float64(0.05)), (np.float64(9.8242), np.float64(0.05)), (np.float64(39.2968), np.float64(0.05)), (np.float64(2.45605), np.float64(0.4)), (np.float64(9.8242), np.float64(0.4)), (np.float64(39.2968), np.float64(0.4))]
[2026-09-30 14:40:55.024927] [openram.characterizer.lib/characterize_corners]: Characterizing corners: [('TT', 5.0, 25)]
[2026-09-30 14:40:55.025263] [openram.characterizer.lib/characterize_corners]: Corner: ('TT', 5.0, 25)
[2026-09-30 14:40:55.025696] [openram.characterizer.lib/characterize_corners]: Writing to /media/nisitha/My_Passport/MOODLE/OpenRAM_Project/OpenRAM_Memory_Design/cache/sram/l1i_tag_array/l1i_tag_array_TT_5p0V_25C.lib
[2026-09-30 14:40:55.026270] WARNING: file elmore.py: line 45: In analytical mode, all ports have the timing of the first read port.

[2026-09-30 14:40:55.101779] [openram.characterizer.elmore/analytical_power]: Dynamic Power: 14.589759975599998 mW
[2026-09-30 14:40:55.102469] [openram.characterizer.elmore/analytical_power]: Leakage Power: 0.000653 mW
[2026-09-30 14:40:55.102908] [openram.characterizer.elmore/get_lib_values]: Slew, Load, Delay(ns), Slew(ns)
[2026-09-30 14:40:55.103484] [openram.characterizer.elmore/get_lib_values]: 0.0125, 2.45605, 1.415303711471852, 0.006179820369407407
[2026-09-30 14:40:55.104045] [openram.characterizer.elmore/get_lib_values]: 0.0125, 9.8242, 1.4333526225540743, 0.00798471147762963
[2026-09-30 14:40:55.104590] [openram.characterizer.elmore/get_lib_values]: 0.0125, 39.2968, 1.5055482668829632, 0.015204275910518518
[2026-09-30 14:40:55.105122] [openram.characterizer.elmore/get_lib_values]: 0.05, 2.45605, 1.415303711471852, 0.006179820369407407
[2026-09-30 14:40:55.105660] [openram.characterizer.elmore/get_lib_values]: 0.05, 9.8242, 1.4333526225540743, 0.00798471147762963
[2026-09-30 14:40:55.106161] [openram.characterizer.elmore/get_lib_values]: 0.05, 39.2968, 1.5055482668829632, 0.015204275910518518
[2026-09-30 14:40:55.106692] [openram.characterizer.elmore/get_lib_values]: 0.4, 2.45605, 1.415303711471852, 0.006179820369407407
[2026-09-30 14:40:55.107188] [openram.characterizer.elmore/get_lib_values]: 0.4, 9.8242, 1.4333526225540743, 0.00798471147762963
[2026-09-30 14:40:55.107721] [openram.characterizer.elmore/get_lib_values]: 0.4, 39.2968, 1.5055482668829632, 0.015204275910518518
[2026-09-30 14:40:55.111971] ** Characterization: 0.1 seconds
[2026-09-30 14:40:55.112812] Config: Writing to /media/nisitha/My_Passport/MOODLE/OpenRAM_Project/OpenRAM_Memory_Design/cache/sram/l1i_tag_array/l1i_tag_array.py
[2026-09-30 14:40:55.113270] ** Config: 0.0 seconds
[2026-09-30 14:40:55.114416] Datasheet: Writing to /media/nisitha/My_Passport/MOODLE/OpenRAM_Project/OpenRAM_Memory_Design/cache/sram/l1i_tag_array/l1i_tag_array.html
[2026-09-30 14:40:55.116181] ** Datasheet: 0.0 seconds
[2026-09-30 14:40:55.116353] Verilog: Writing to /media/nisitha/My_Passport/MOODLE/OpenRAM_Project/OpenRAM_Memory_Design/cache/sram/l1i_tag_array/l1i_tag_array.v
[2026-09-30 14:40:55.116655] ** Verilog: 0.0 seconds
[2026-09-30 14:40:55.117016] [openram.globals/purge_temp]: Purging temp directory: /tmp/openram_nisitha_232180_temp/
[2026-09-30 14:40:55.120611] [openram.verify.magic/print_drc_stats]: DRC runs: 1
[2026-09-30 14:40:55.120890] [openram.verify.magic/print_lvs_stats]: LVS runs: 1
[2026-09-30 14:40:55.121092] [openram.verify.magic/print_pex_stats]: PEX runs: 0
[2026-09-30 14:40:55.121191] ** End: 34.7 seconds
