[2026-09-30 14:39:29.683717] [openram.globals/init_openram]: Initializing OpenRAM...
[2026-09-30 14:39:29.683828] [openram.globals/setup_paths]: OpenRAM source code found in /home/nisitha/OpenRAM/compiler
[2026-09-30 14:39:29.683943] [openram.globals/setup_paths]: Temporary files saved in /tmp/openram_nisitha_231156_temp/
[2026-09-30 14:39:29.684106] [openram.globals/read_config]: Configuration file is /media/nisitha/My_Passport/MOODLE/OpenRAM_Project/OpenRAM_Memory_Design/cache/sram/sram_128x32_1r1w.py
[2026-09-30 14:39:29.686033] [openram.globals/read_config]: Output saved in /media/nisitha/My_Passport/MOODLE/OpenRAM_Project/OpenRAM_Memory_Design/cache/sram/sram_128x32_1r1w/
[2026-09-30 14:39:29.686675] [openram.globals/import_tech]: Tech directory found in /home/nisitha/OpenRAM/technology:/home/nisitha/OpenRAM/compiler/../technology
[2026-09-30 14:39:29.687027] [openram.globals/import_tech]: Adding technology path: /home/nisitha/OpenRAM/technology
[2026-09-30 14:39:29.687363] [openram.globals/import_tech]: Adding technology path: /home/nisitha/OpenRAM/compiler/../technology
[2026-09-30 14:39:29.689501] [openram.globals/init_paths]: Creating temp directory: /tmp/openram_nisitha_231156_temp/
[2026-09-30 14:39:29.847765] [openram.globals/setup_bitcell]: Using bitcell: bitcell_2port
[2026-09-30 14:39:30.689713] [openram.characterizer/<module>]: Initializing characterizer...
[2026-09-30 14:39:30.697021] [openram.characterizer/<module>]: Analytical model enabled.
[2026-09-30 14:39:30.706022] [openram.verify/<module>]: Initializing verify...
[2026-09-30 14:39:30.713290] [openram.verify/<module>]: Finding DRC/LVS/PEX tools.
[2026-09-30 14:39:30.720402] [openram.globals/get_tool]: Using DRC: /nix/store/1zcyq032zc3mzhmgs2j3q2rmfrjj5v6b-magic-vlsi-8.3.629/bin/magic
[2026-09-30 14:39:30.727590] [openram.globals/get_tool]: Using LVS: /nix/store/h3crgmx1w7h86qjpr131igi7p576mp3x-netgen-1.5.318/bin/netgen
[2026-09-30 14:39:30.734767] [openram.globals/get_tool]: Using PEX: /nix/store/1zcyq032zc3mzhmgs2j3q2rmfrjj5v6b-magic-vlsi-8.3.629/bin/magic
[2026-09-30 14:39:30.736678] [openram.globals/setup_bitcell]: Using bitcell: bitcell_2port
[2026-09-30 14:39:30.736813] |==============================================================================|
[2026-09-30 14:39:30.736907] |=========                      OpenRAM v1.2.49                       =========|
[2026-09-30 14:39:30.736997] |=========                                                            =========|
[2026-09-30 14:39:30.737085] |=========               VLSI Design and Automation Lab               =========|
[2026-09-30 14:39:30.737159] |=========        Computer Science and Engineering Department         =========|
[2026-09-30 14:39:30.737232] |=========            University of California Santa Cruz             =========|
[2026-09-30 14:39:30.737305] |=========                                                            =========|
[2026-09-30 14:39:30.737376] |=========          Usage help: openram-user-group@ucsc.edu           =========|
[2026-09-30 14:39:30.737449] |=========        Development help: openram-dev-group@ucsc.edu        =========|
[2026-09-30 14:39:30.737525] |=========                See LICENSE for license info                =========|
[2026-09-30 14:39:30.737598] |==============================================================================|
[2026-09-30 14:39:30.737689] ** Start: 09/30/2026 14:39:30
[2026-09-30 14:39:30.737772] Technology: scn4m_subm
[2026-09-30 14:39:30.737845] Total size: 4096 bits
[2026-09-30 14:39:30.737927] Word size: 128
Words: 32
Banks: 1
[2026-09-30 14:39:30.738021] RW ports: 0
R-only ports: 1
W-only ports: 1
[2026-09-30 14:39:30.738106] DRC/LVS/PEX is only run on the top-level design to save run-time (inline_lvsdrc=True to do inline checking).
[2026-09-30 14:39:30.738201] Characterization is disabled (using analytical delay models) (analytical_delay=False to simulate).
[2026-09-30 14:39:30.738291] Only generating nominal corner timing.
[2026-09-30 14:39:30.738381] Words per row: None
[2026-09-30 14:39:30.738477] Output files are: 
[2026-09-30 14:39:30.738588] /media/nisitha/My_Passport/MOODLE/OpenRAM_Project/OpenRAM_Memory_Design/cache/sram/sram_128x32_1r1w/sram_128x32_1r1w.lvs
[2026-09-30 14:39:30.738685] /media/nisitha/My_Passport/MOODLE/OpenRAM_Project/OpenRAM_Memory_Design/cache/sram/sram_128x32_1r1w/sram_128x32_1r1w.sp
[2026-09-30 14:39:30.738768] /media/nisitha/My_Passport/MOODLE/OpenRAM_Project/OpenRAM_Memory_Design/cache/sram/sram_128x32_1r1w/sram_128x32_1r1w.v
[2026-09-30 14:39:30.738849] /media/nisitha/My_Passport/MOODLE/OpenRAM_Project/OpenRAM_Memory_Design/cache/sram/sram_128x32_1r1w/sram_128x32_1r1w.lib
[2026-09-30 14:39:30.738935] /media/nisitha/My_Passport/MOODLE/OpenRAM_Project/OpenRAM_Memory_Design/cache/sram/sram_128x32_1r1w/sram_128x32_1r1w.py
[2026-09-30 14:39:30.739019] /media/nisitha/My_Passport/MOODLE/OpenRAM_Project/OpenRAM_Memory_Design/cache/sram/sram_128x32_1r1w/sram_128x32_1r1w.html
[2026-09-30 14:39:30.739118] /media/nisitha/My_Passport/MOODLE/OpenRAM_Project/OpenRAM_Memory_Design/cache/sram/sram_128x32_1r1w/sram_128x32_1r1w.log
[2026-09-30 14:39:30.739203] /media/nisitha/My_Passport/MOODLE/OpenRAM_Project/OpenRAM_Memory_Design/cache/sram/sram_128x32_1r1w/sram_128x32_1r1w.lef
[2026-09-30 14:39:30.739284] /media/nisitha/My_Passport/MOODLE/OpenRAM_Project/OpenRAM_Memory_Design/cache/sram/sram_128x32_1r1w/sram_128x32_1r1w.gds
[2026-09-30 14:39:30.749040] [openram.sram_config/recompute_sizes]: Recomputing with words per row: 1
[2026-09-30 14:39:30.749439] [openram.sram_config/recompute_sizes]: Rows: 32 Cols: 128
[2026-09-30 14:39:30.749782] [openram.sram_config/recompute_sizes]: Row addr size: 5 Col addr size: 0 Bank addr size: 5
[2026-09-30 14:39:30.750025] [openram.sram_config/compute_sizes]: Set SRAM Words Per Row=1
[2026-09-30 14:39:30.759233] [openram.modules.bitcell_base_array/__init__]: Creating sram_128x32_1r1w_capped_replica_bitcell_array 32 x 128
[2026-09-30 14:39:30.759711] [openram.modules.capped_replica_bitcell_array/__init__]: Creating sram_128x32_1r1w_capped_replica_bitcell_array 32 x 128 rbls: [1, 1] left_rbl: [0] right_rbl: [1]
[2026-09-30 14:39:30.760374] [openram.modules.bitcell_base_array/__init__]: Creating sram_128x32_1r1w_replica_bitcell_array 32 x 128
[2026-09-30 14:39:30.760895] [openram.modules.replica_bitcell_array/__init__]: Creating sram_128x32_1r1w_replica_bitcell_array 32 x 128 rbls: [1, 1] left_rbl: [0] right_rbl: [1]
[2026-09-30 14:39:30.761617] [openram.modules.bitcell_base_array/__init__]: Creating sram_128x32_1r1w_bitcell_array 32 x 128
[2026-09-30 14:39:30.762210] [openram.modules.bitcell_array/__init__]: Creating sram_128x32_1r1w_bitcell_array 32 x 128
[2026-09-30 14:39:37.072256] [openram.modules.bitcell_base_array/__init__]: Creating sram_128x32_1r1w_replica_column 34 x 1
[2026-09-30 14:39:37.088445] [openram.modules.bitcell_base_array/__init__]: Creating sram_128x32_1r1w_replica_column_0 34 x 1
[2026-09-30 14:39:37.098373] [openram.modules.bitcell_base_array/__init__]: Creating sram_128x32_1r1w_dummy_array 1 x 128
[2026-09-30 14:39:37.353047] [openram.modules.bitcell_base_array/__init__]: Creating sram_128x32_1r1w_dummy_array_0 1 x 130
[2026-09-30 14:39:37.412911] [openram.modules.bitcell_base_array/__init__]: Creating sram_128x32_1r1w_dummy_array_1 1 x 130
[2026-09-30 14:39:37.472126] [openram.modules.bitcell_base_array/__init__]: Creating sram_128x32_1r1w_dummy_array_2 36 x 1
[2026-09-30 14:39:37.482746] [openram.modules.bitcell_base_array/__init__]: Creating sram_128x32_1r1w_dummy_array_3 36 x 1
[2026-09-30 14:39:37.715833] [openram.modules.and2_dec/__init__]: Creating and2_dec and2_dec
[2026-09-30 14:39:37.724974] [openram.modules.and3_dec/__init__]: Creating and3_dec and3_dec
[2026-09-30 14:39:37.741750] [openram.modules.and4_dec/__init__]: Creating and4_dec and4_dec
[2026-09-30 14:39:37.789795] [openram.modules.wordline_driver_array/__init__]: Creating sram_128x32_1r1w_wordline_driver_array
[2026-09-30 14:39:37.790586] [openram.modules.wordline_driver/__init__]: Creating wordline_driver wordline_driver
[2026-09-30 14:39:37.811110] [openram.modules.and2_dec/__init__]: Creating and2_dec and2_dec_0
[2026-09-30 14:39:37.836272] [openram.modules.precharge_array/__init__]: Creating sram_128x32_1r1w_precharge_array
[2026-09-30 14:39:37.882776] [openram.modules.write_driver_array/__init__]: Creating sram_128x32_1r1w_write_driver_array
[2026-09-30 14:39:38.054376] [openram.modules.precharge_array/__init__]: Creating sram_128x32_1r1w_precharge_array_0
[2026-09-30 14:39:38.100811] [openram.modules.sense_amp_array/__init__]: Creating sram_128x32_1r1w_sense_amp_array
[2026-09-30 14:39:38.455447] [openram.modules.dff_array/__init__]: Creating sram_128x32_1r1w_row_addr_dff rows=5 cols=1
[2026-09-30 14:39:38.458264] [openram.modules.dff_array/__init__]: Creating sram_128x32_1r1w_data_dff rows=1 cols=128
[2026-09-30 14:39:38.499261] [openram.modules.control_logic_base/__init__]: Creating control_logic_w
[2026-09-30 14:39:38.500020] [openram.modules.dff_buf/__init__]: Creating sram_128x32_1r1w_dff_buf
[2026-09-30 14:39:38.505261] [openram.modules.dff_buf_array/__init__]: Creating sram_128x32_1r1w_dff_buf_array
[2026-09-30 14:39:38.505934] [openram.modules.dff_buf/__init__]: Creating sram_128x32_1r1w_dff_buf_0
[2026-09-30 14:39:38.508313] [openram.modules.pand2/__init__]: Creating pand2 pand2
[2026-09-30 14:39:38.510569] [openram.modules.pdriver/__init__]: creating pdriver pdriver
[2026-09-30 14:39:38.514491] [openram.modules.pbuf/__init__]: creating pbuf with size of 128
[2026-09-30 14:39:38.526676] [openram.modules.pdriver/__init__]: creating pdriver pdriver_0
[2026-09-30 14:39:38.554793] [openram.modules.pdriver/__init__]: creating pdriver pdriver_1
[2026-09-30 14:39:38.558165] [openram.modules.pand3/__init__]: Creating pand3 pand3
[2026-09-30 14:39:38.560857] [openram.modules.pdriver/__init__]: creating pdriver pdriver_2
[2026-09-30 14:39:38.570812] [openram.modules.pand3/__init__]: Creating pand3 pand3_0
[2026-09-30 14:39:38.571893] [openram.modules.pdriver/__init__]: creating pdriver pdriver_3
[2026-09-30 14:39:38.576827] [openram.modules.pdriver/__init__]: creating pdriver pdriver_4
[2026-09-30 14:39:38.591669] [openram.modules.delay_chain/__init__]: creating delay chain [4, 4, 4, 4, 4, 4, 4, 4, 4]
[2026-09-30 14:39:38.613769] [openram.modules.control_logic_base/__init__]: Creating control_logic_r
[2026-09-30 14:39:38.624407] ** Submodules: 7.9 seconds
[2026-09-30 14:39:38.743522] ** Placement: 0.1 seconds
[2026-09-30 14:39:55.659921] [openram.base.hierarchy_layout/get_bbox]: Size: 3032.0 x 802.0 with perimeter margin 0
[2026-09-30 14:39:55.687549] [openram.router.router_tech/__init__]: Minimum track width: 2.400
[2026-09-30 14:39:55.688332] [openram.router.router_tech/__init__]: Minimum track space: 1.200
[2026-09-30 14:39:55.688808] [openram.router.router_tech/__init__]: Minimum track wire width: 1.200
[2026-09-30 14:39:55.689226] [openram.router.signal_escape_router/route]: Running signal escape router...
[2026-09-30 14:41:00.539469] [openram.router.router_tech/__init__]: Minimum track width: 2.400
[2026-09-30 14:41:00.540010] [openram.router.router_tech/__init__]: Minimum track space: 1.200
[2026-09-30 14:41:00.540433] [openram.router.router_tech/__init__]: Minimum track wire width: 1.200
[2026-09-30 14:41:00.540790] [openram.router.supply_router/route]: Running router for vdd and gnd...
[2026-09-30 14:42:19.563889] ** Routing: 160.8 seconds
[2026-09-30 14:42:49.852033] [openram.verify.run_script/run_script]: Still running /tmp/openram_nisitha_231156_temp/run_ext.sh (30 seconds)
[2026-09-30 14:43:12.856614] WARNING: file magic.py: line 254: DRC Errors sram_128x32_1r1w	2

[2026-09-30 14:43:14.867110] [openram.verify.magic/run_lvs]: sram_128x32_1r1w	LVS matches
[2026-09-30 14:43:14.867861] ** Verification: 55.3 seconds
[2026-09-30 14:43:14.867986] ** SRAM creation: 224.1 seconds
[2026-09-30 14:43:14.868100] SP: Writing to /media/nisitha/My_Passport/MOODLE/OpenRAM_Project/OpenRAM_Memory_Design/cache/sram/sram_128x32_1r1w/sram_128x32_1r1w.sp
[2026-09-30 14:43:14.944568] [openram.characterizer.functional/__init__]: Random seed for functional simulation: 1790759594944245017
[2026-09-30 14:43:15.064300] ** Spice writing: 0.2 seconds
[2026-09-30 14:43:15.064513] DELAY: Writing stimulus...
[2026-09-30 14:43:15.428265] [openram.characterizer.delay/create_sen_and_bitline_path_measures]: self.bl_name = xsram_128x32_1r1w.xbank0.bl_1_127
[2026-09-30 14:43:15.434725] ** DELAY: 0.4 seconds
[2026-09-30 14:43:15.511345] GDS: Writing to /media/nisitha/My_Passport/MOODLE/OpenRAM_Project/OpenRAM_Memory_Design/cache/sram/sram_128x32_1r1w/sram_128x32_1r1w.gds
[2026-09-30 14:43:15.737031] ** GDS: 0.2 seconds
[2026-09-30 14:43:15.737164] LEF: Writing to /media/nisitha/My_Passport/MOODLE/OpenRAM_Project/OpenRAM_Memory_Design/cache/sram/sram_128x32_1r1w/sram_128x32_1r1w.lef
[2026-09-30 14:43:15.793685] ** LEF: 0.1 seconds
[2026-09-30 14:43:15.793823] LVS: Writing to /media/nisitha/My_Passport/MOODLE/OpenRAM_Project/OpenRAM_Memory_Design/cache/sram/sram_128x32_1r1w/sram_128x32_1r1w.lvs.sp
[2026-09-30 14:43:15.875141] ** LVS writing: 0.1 seconds
[2026-09-30 14:43:15.875305] LIB: Characterizing... 
[2026-09-30 14:43:15.876099] [openram.characterizer.lib/prepare_tables]: Slews: [0.0125 0.05   0.4   ]
[2026-09-30 14:43:15.876653] [openram.characterizer.lib/prepare_tables]: Loads: [ 2.45605  9.8242  39.2968 ]
[2026-09-30 14:43:15.877104] [openram.characterizer.lib/prepare_tables]: self.load_slews : [(np.float64(2.45605), np.float64(0.0125)), (np.float64(9.8242), np.float64(0.0125)), (np.float64(39.2968), np.float64(0.0125)), (np.float64(2.45605), np.float64(0.05)), (np.float64(9.8242), np.float64(0.05)), (np.float64(39.2968), np.float64(0.05)), (np.float64(2.45605), np.float64(0.4)), (np.float64(9.8242), np.float64(0.4)), (np.float64(39.2968), np.float64(0.4))]
[2026-09-30 14:43:15.877482] [openram.characterizer.lib/characterize_corners]: Characterizing corners: [('TT', 5.0, 25)]
[2026-09-30 14:43:15.877850] [openram.characterizer.lib/characterize_corners]: Corner: ('TT', 5.0, 25)
[2026-09-30 14:43:15.878363] [openram.characterizer.lib/characterize_corners]: Writing to /media/nisitha/My_Passport/MOODLE/OpenRAM_Project/OpenRAM_Memory_Design/cache/sram/sram_128x32_1r1w/sram_128x32_1r1w_TT_5p0V_25C.lib
[2026-09-30 14:43:15.879140] WARNING: file elmore.py: line 45: In analytical mode, all ports have the timing of the first read port.

[2026-09-30 14:43:16.204715] [openram.characterizer.elmore/analytical_power]: Dynamic Power: 32.4601441312 mW
[2026-09-30 14:43:16.205474] [openram.characterizer.elmore/analytical_power]: Leakage Power: 0.004701 mW
[2026-09-30 14:43:16.205937] [openram.characterizer.elmore/get_lib_values]: Slew, Load, Delay(ns), Slew(ns)
[2026-09-30 14:43:16.206576] [openram.characterizer.elmore/get_lib_values]: 0.0125, 2.45605, 2.194995235545926, 0.006179820369407407
[2026-09-30 14:43:16.207203] [openram.characterizer.elmore/get_lib_values]: 0.0125, 9.8242, 2.2130441466281483, 0.00798471147762963
[2026-09-30 14:43:16.207798] [openram.characterizer.elmore/get_lib_values]: 0.0125, 39.2968, 2.2852397909570374, 0.015204275910518518
[2026-09-30 14:43:16.208355] [openram.characterizer.elmore/get_lib_values]: 0.05, 2.45605, 2.194995235545926, 0.006179820369407407
[2026-09-30 14:43:16.208928] [openram.characterizer.elmore/get_lib_values]: 0.05, 9.8242, 2.2130441466281483, 0.00798471147762963
[2026-09-30 14:43:16.209506] [openram.characterizer.elmore/get_lib_values]: 0.05, 39.2968, 2.2852397909570374, 0.015204275910518518
[2026-09-30 14:43:16.210058] [openram.characterizer.elmore/get_lib_values]: 0.4, 2.45605, 2.194995235545926, 0.006179820369407407
[2026-09-30 14:43:16.210627] [openram.characterizer.elmore/get_lib_values]: 0.4, 9.8242, 2.2130441466281483, 0.00798471147762963
[2026-09-30 14:43:16.211218] [openram.characterizer.elmore/get_lib_values]: 0.4, 39.2968, 2.2852397909570374, 0.015204275910518518
[2026-09-30 14:43:16.215925] ** Characterization: 0.3 seconds
[2026-09-30 14:43:16.216728] Config: Writing to /media/nisitha/My_Passport/MOODLE/OpenRAM_Project/OpenRAM_Memory_Design/cache/sram/sram_128x32_1r1w/sram_128x32_1r1w.py
[2026-09-30 14:43:16.216917] ** Config: 0.0 seconds
[2026-09-30 14:43:16.217967] Datasheet: Writing to /media/nisitha/My_Passport/MOODLE/OpenRAM_Project/OpenRAM_Memory_Design/cache/sram/sram_128x32_1r1w/sram_128x32_1r1w.html
[2026-09-30 14:43:16.219883] ** Datasheet: 0.0 seconds
[2026-09-30 14:43:16.220056] Verilog: Writing to /media/nisitha/My_Passport/MOODLE/OpenRAM_Project/OpenRAM_Memory_Design/cache/sram/sram_128x32_1r1w/sram_128x32_1r1w.v
[2026-09-30 14:43:16.220461] ** Verilog: 0.0 seconds
[2026-09-30 14:43:16.221214] [openram.globals/purge_temp]: Purging temp directory: /tmp/openram_nisitha_231156_temp/
[2026-09-30 14:43:16.232868] [openram.verify.magic/print_drc_stats]: DRC runs: 1
[2026-09-30 14:43:16.233137] [openram.verify.magic/print_lvs_stats]: LVS runs: 1
[2026-09-30 14:43:16.233336] [openram.verify.magic/print_pex_stats]: PEX runs: 0
[2026-09-30 14:43:16.233436] ** End: 225.5 seconds
