[2026-09-30 14:39:29.683577] [openram.globals/init_openram]: Initializing OpenRAM...
[2026-09-30 14:39:29.683697] [openram.globals/setup_paths]: OpenRAM source code found in /home/nisitha/OpenRAM/compiler
[2026-09-30 14:39:29.683817] [openram.globals/setup_paths]: Temporary files saved in /tmp/openram_nisitha_231155_temp/
[2026-09-30 14:39:29.683987] [openram.globals/read_config]: Configuration file is /media/nisitha/My_Passport/MOODLE/OpenRAM_Project/OpenRAM_Memory_Design/cache/sram/l2_data_array.py
[2026-09-30 14:39:29.686096] [openram.globals/read_config]: Output saved in /media/nisitha/My_Passport/MOODLE/OpenRAM_Project/OpenRAM_Memory_Design/cache/sram/l2_data_array/
[2026-09-30 14:39:29.686728] [openram.globals/import_tech]: Tech directory found in /home/nisitha/OpenRAM/technology:/home/nisitha/OpenRAM/compiler/../technology
[2026-09-30 14:39:29.687071] [openram.globals/import_tech]: Adding technology path: /home/nisitha/OpenRAM/technology
[2026-09-30 14:39:29.687397] [openram.globals/import_tech]: Adding technology path: /home/nisitha/OpenRAM/compiler/../technology
[2026-09-30 14:39:29.689500] [openram.globals/init_paths]: Creating temp directory: /tmp/openram_nisitha_231155_temp/
[2026-09-30 14:39:29.839852] [openram.globals/setup_bitcell]: Using bitcell: bitcell_2port
[2026-09-30 14:39:30.689656] [openram.characterizer/<module>]: Initializing characterizer...
[2026-09-30 14:39:30.697023] [openram.characterizer/<module>]: Analytical model enabled.
[2026-09-30 14:39:30.708406] [openram.verify/<module>]: Initializing verify...
[2026-09-30 14:39:30.717112] [openram.verify/<module>]: Finding DRC/LVS/PEX tools.
[2026-09-30 14:39:30.724492] [openram.globals/get_tool]: Using DRC: /nix/store/1zcyq032zc3mzhmgs2j3q2rmfrjj5v6b-magic-vlsi-8.3.629/bin/magic
[2026-09-30 14:39:30.731661] [openram.globals/get_tool]: Using LVS: /nix/store/h3crgmx1w7h86qjpr131igi7p576mp3x-netgen-1.5.318/bin/netgen
[2026-09-30 14:39:30.739000] [openram.globals/get_tool]: Using PEX: /nix/store/1zcyq032zc3mzhmgs2j3q2rmfrjj5v6b-magic-vlsi-8.3.629/bin/magic
[2026-09-30 14:39:30.739650] [openram.globals/setup_bitcell]: Using bitcell: bitcell_2port
[2026-09-30 14:39:30.739768] |==============================================================================|
[2026-09-30 14:39:30.739861] |=========                      OpenRAM v1.2.49                       =========|
[2026-09-30 14:39:30.739949] |=========                                                            =========|
[2026-09-30 14:39:30.740039] |=========               VLSI Design and Automation Lab               =========|
[2026-09-30 14:39:30.740124] |=========        Computer Science and Engineering Department         =========|
[2026-09-30 14:39:30.740206] |=========            University of California Santa Cruz             =========|
[2026-09-30 14:39:30.740288] |=========                                                            =========|
[2026-09-30 14:39:30.740373] |=========          Usage help: openram-user-group@ucsc.edu           =========|
[2026-09-30 14:39:30.740463] |=========        Development help: openram-dev-group@ucsc.edu        =========|
[2026-09-30 14:39:30.740544] |=========                See LICENSE for license info                =========|
[2026-09-30 14:39:30.740625] |==============================================================================|
[2026-09-30 14:39:30.740796] ** Start: 09/30/2026 14:39:30
[2026-09-30 14:39:30.740908] Technology: scn4m_subm
[2026-09-30 14:39:30.741011] Total size: 8192 bits
[2026-09-30 14:39:30.741109] Word size: 256
Words: 32
Banks: 1
[2026-09-30 14:39:30.741208] RW ports: 0
R-only ports: 1
W-only ports: 1
[2026-09-30 14:39:30.741305] DRC/LVS/PEX is only run on the top-level design to save run-time (inline_lvsdrc=True to do inline checking).
[2026-09-30 14:39:30.741400] Characterization is disabled (using analytical delay models) (analytical_delay=False to simulate).
[2026-09-30 14:39:30.741493] Only generating nominal corner timing.
[2026-09-30 14:39:30.741586] Words per row: None
[2026-09-30 14:39:30.741701] Output files are: 
[2026-09-30 14:39:30.741798] /media/nisitha/My_Passport/MOODLE/OpenRAM_Project/OpenRAM_Memory_Design/cache/sram/l2_data_array/l2_data_array.lvs
[2026-09-30 14:39:30.741908] /media/nisitha/My_Passport/MOODLE/OpenRAM_Project/OpenRAM_Memory_Design/cache/sram/l2_data_array/l2_data_array.sp
[2026-09-30 14:39:30.742001] /media/nisitha/My_Passport/MOODLE/OpenRAM_Project/OpenRAM_Memory_Design/cache/sram/l2_data_array/l2_data_array.v
[2026-09-30 14:39:30.742094] /media/nisitha/My_Passport/MOODLE/OpenRAM_Project/OpenRAM_Memory_Design/cache/sram/l2_data_array/l2_data_array.lib
[2026-09-30 14:39:30.742186] /media/nisitha/My_Passport/MOODLE/OpenRAM_Project/OpenRAM_Memory_Design/cache/sram/l2_data_array/l2_data_array.py
[2026-09-30 14:39:30.742278] /media/nisitha/My_Passport/MOODLE/OpenRAM_Project/OpenRAM_Memory_Design/cache/sram/l2_data_array/l2_data_array.html
[2026-09-30 14:39:30.742371] /media/nisitha/My_Passport/MOODLE/OpenRAM_Project/OpenRAM_Memory_Design/cache/sram/l2_data_array/l2_data_array.log
[2026-09-30 14:39:30.742464] /media/nisitha/My_Passport/MOODLE/OpenRAM_Project/OpenRAM_Memory_Design/cache/sram/l2_data_array/l2_data_array.lef
[2026-09-30 14:39:30.742557] /media/nisitha/My_Passport/MOODLE/OpenRAM_Project/OpenRAM_Memory_Design/cache/sram/l2_data_array/l2_data_array.gds
[2026-09-30 14:39:30.751482] [openram.sram_config/recompute_sizes]: Recomputing with words per row: 1
[2026-09-30 14:39:30.751843] [openram.sram_config/recompute_sizes]: Rows: 32 Cols: 256
[2026-09-30 14:39:30.752147] [openram.sram_config/recompute_sizes]: Row addr size: 5 Col addr size: 0 Bank addr size: 5
[2026-09-30 14:39:30.752385] [openram.sram_config/compute_sizes]: Set SRAM Words Per Row=1
[2026-09-30 14:39:30.761080] [openram.modules.bitcell_base_array/__init__]: Creating l2_data_array_capped_replica_bitcell_array 32 x 256
[2026-09-30 14:39:30.761527] [openram.modules.capped_replica_bitcell_array/__init__]: Creating l2_data_array_capped_replica_bitcell_array 32 x 256 rbls: [1, 1] left_rbl: [0] right_rbl: [1]
[2026-09-30 14:39:30.762188] [openram.modules.bitcell_base_array/__init__]: Creating l2_data_array_replica_bitcell_array 32 x 256
[2026-09-30 14:39:30.762698] [openram.modules.replica_bitcell_array/__init__]: Creating l2_data_array_replica_bitcell_array 32 x 256 rbls: [1, 1] left_rbl: [0] right_rbl: [1]
[2026-09-30 14:39:30.763398] [openram.modules.bitcell_base_array/__init__]: Creating l2_data_array_bitcell_array 32 x 256
[2026-09-30 14:39:30.764003] [openram.modules.bitcell_array/__init__]: Creating l2_data_array_bitcell_array 32 x 256
[2026-09-30 14:39:54.095949] [openram.modules.bitcell_base_array/__init__]: Creating l2_data_array_replica_column 34 x 1
[2026-09-30 14:39:54.112415] [openram.modules.bitcell_base_array/__init__]: Creating l2_data_array_replica_column_0 34 x 1
[2026-09-30 14:39:54.122383] [openram.modules.bitcell_base_array/__init__]: Creating l2_data_array_dummy_array 1 x 256
[2026-09-30 14:39:54.725798] [openram.modules.bitcell_base_array/__init__]: Creating l2_data_array_dummy_array_0 1 x 258
[2026-09-30 14:39:54.884756] [openram.modules.bitcell_base_array/__init__]: Creating l2_data_array_dummy_array_1 1 x 258
[2026-09-30 14:39:55.044585] [openram.modules.bitcell_base_array/__init__]: Creating l2_data_array_dummy_array_2 36 x 1
[2026-09-30 14:39:55.055012] [openram.modules.bitcell_base_array/__init__]: Creating l2_data_array_dummy_array_3 36 x 1
[2026-09-30 14:39:55.471116] [openram.modules.and2_dec/__init__]: Creating and2_dec and2_dec
[2026-09-30 14:39:55.481118] [openram.modules.and3_dec/__init__]: Creating and3_dec and3_dec
[2026-09-30 14:39:55.497871] [openram.modules.and4_dec/__init__]: Creating and4_dec and4_dec
[2026-09-30 14:39:55.542910] [openram.modules.wordline_driver_array/__init__]: Creating l2_data_array_wordline_driver_array
[2026-09-30 14:39:55.543688] [openram.modules.wordline_driver/__init__]: Creating wordline_driver wordline_driver
[2026-09-30 14:39:55.571476] [openram.modules.and2_dec/__init__]: Creating and2_dec and2_dec_0
[2026-09-30 14:39:55.596812] [openram.modules.precharge_array/__init__]: Creating l2_data_array_precharge_array
[2026-09-30 14:39:55.697190] [openram.modules.write_driver_array/__init__]: Creating l2_data_array_write_driver_array
[2026-09-30 14:39:56.044800] [openram.modules.precharge_array/__init__]: Creating l2_data_array_precharge_array_0
[2026-09-30 14:39:56.228616] [openram.modules.sense_amp_array/__init__]: Creating l2_data_array_sense_amp_array
[2026-09-30 14:39:56.812588] [openram.modules.dff_array/__init__]: Creating l2_data_array_row_addr_dff rows=5 cols=1
[2026-09-30 14:39:56.815505] [openram.modules.dff_array/__init__]: Creating l2_data_array_data_dff rows=1 cols=256
[2026-09-30 14:39:56.912205] [openram.modules.control_logic_base/__init__]: Creating control_logic_w
[2026-09-30 14:39:56.913018] [openram.modules.dff_buf/__init__]: Creating l2_data_array_dff_buf
[2026-09-30 14:39:56.918166] [openram.modules.dff_buf_array/__init__]: Creating l2_data_array_dff_buf_array
[2026-09-30 14:39:56.918900] [openram.modules.dff_buf/__init__]: Creating l2_data_array_dff_buf_0
[2026-09-30 14:39:56.921451] [openram.modules.pand2/__init__]: Creating pand2 pand2
[2026-09-30 14:39:56.925380] [openram.modules.pdriver/__init__]: creating pdriver pdriver
[2026-09-30 14:39:56.929972] [openram.modules.pbuf/__init__]: creating pbuf with size of 256
[2026-09-30 14:39:56.949960] [openram.modules.pdriver/__init__]: creating pdriver pdriver_0
[2026-09-30 14:39:56.999088] [openram.modules.pdriver/__init__]: creating pdriver pdriver_1
[2026-09-30 14:39:57.004349] [openram.modules.pand3/__init__]: Creating pand3 pand3
[2026-09-30 14:39:57.006966] [openram.modules.pdriver/__init__]: creating pdriver pdriver_2
[2026-09-30 14:39:57.023350] [openram.modules.pand3/__init__]: Creating pand3 pand3_0
[2026-09-30 14:39:57.024731] [openram.modules.pdriver/__init__]: creating pdriver pdriver_3
[2026-09-30 14:39:57.035184] [openram.modules.pdriver/__init__]: creating pdriver pdriver_4
[2026-09-30 14:39:57.050197] [openram.modules.delay_chain/__init__]: creating delay chain [4, 4, 4, 4, 4, 4, 4, 4, 4]
[2026-09-30 14:39:57.072143] [openram.modules.control_logic_base/__init__]: Creating control_logic_r
[2026-09-30 14:39:57.086879] ** Submodules: 26.3 seconds
[2026-09-30 14:39:57.471337] ** Placement: 0.4 seconds
[2026-09-30 14:40:30.221508] [openram.base.hierarchy_layout/get_bbox]: Size: 5936.400000000001 x 930.0 with perimeter margin 0
[2026-09-30 14:40:30.268164] [openram.router.router_tech/__init__]: Minimum track width: 2.400
[2026-09-30 14:40:30.268873] [openram.router.router_tech/__init__]: Minimum track space: 1.200
[2026-09-30 14:40:30.269407] [openram.router.router_tech/__init__]: Minimum track wire width: 1.200
[2026-09-30 14:40:30.269909] [openram.router.signal_escape_router/route]: Running signal escape router...
[2026-09-30 14:47:14.776114] [openram.router.router_tech/__init__]: Minimum track width: 2.400
[2026-09-30 14:47:14.777293] [openram.router.router_tech/__init__]: Minimum track space: 1.200
[2026-09-30 14:47:14.777767] [openram.router.router_tech/__init__]: Minimum track wire width: 1.200
[2026-09-30 14:47:14.778120] [openram.router.supply_router/route]: Running router for vdd and gnd...
[2026-09-30 14:51:20.916325] ** Routing: 683.4 seconds
[2026-09-30 14:51:51.449709] [openram.verify.run_script/run_script]: Still running /tmp/openram_nisitha_231155_temp/run_ext.sh (30 seconds)
[2026-09-30 14:52:21.455692] [openram.verify.run_script/run_script]: Still running /tmp/openram_nisitha_231155_temp/run_ext.sh (60 seconds)
[2026-09-30 14:52:51.461495] [openram.verify.run_script/run_script]: Still running /tmp/openram_nisitha_231155_temp/run_ext.sh (90 seconds)
[2026-09-30 14:53:28.469982] WARNING: file magic.py: line 254: DRC Errors l2_data_array	2

[2026-09-30 14:53:36.489403] [openram.verify.magic/run_lvs]: l2_data_array	LVS matches
[2026-09-30 14:53:36.490410] ** Verification: 135.6 seconds
[2026-09-30 14:53:36.490674] ** SRAM creation: 845.7 seconds
[2026-09-30 14:53:36.490829] SP: Writing to /media/nisitha/My_Passport/MOODLE/OpenRAM_Project/OpenRAM_Memory_Design/cache/sram/l2_data_array/l2_data_array.sp
[2026-09-30 14:53:36.648349] [openram.characterizer.functional/__init__]: Random seed for functional simulation: 1790760216648027201
[2026-09-30 14:53:37.007433] ** Spice writing: 0.5 seconds
[2026-09-30 14:53:37.007674] DELAY: Writing stimulus...
[2026-09-30 14:53:37.888706] [openram.characterizer.delay/create_sen_and_bitline_path_measures]: self.bl_name = xl2_data_array.xbank0.bl_1_255
[2026-09-30 14:53:37.899890] ** DELAY: 0.9 seconds
[2026-09-30 14:53:38.047983] GDS: Writing to /media/nisitha/My_Passport/MOODLE/OpenRAM_Project/OpenRAM_Memory_Design/cache/sram/l2_data_array/l2_data_array.gds
[2026-09-30 14:53:38.456357] ** GDS: 0.4 seconds
[2026-09-30 14:53:38.456500] LEF: Writing to /media/nisitha/My_Passport/MOODLE/OpenRAM_Project/OpenRAM_Memory_Design/cache/sram/l2_data_array/l2_data_array.lef
[2026-09-30 14:53:38.634429] ** LEF: 0.2 seconds
[2026-09-30 14:53:38.634588] LVS: Writing to /media/nisitha/My_Passport/MOODLE/OpenRAM_Project/OpenRAM_Memory_Design/cache/sram/l2_data_array/l2_data_array.lvs.sp
[2026-09-30 14:53:38.785389] ** LVS writing: 0.2 seconds
[2026-09-30 14:53:38.785536] LIB: Characterizing... 
[2026-09-30 14:53:38.786438] [openram.characterizer.lib/prepare_tables]: Slews: [0.0125 0.05   0.4   ]
[2026-09-30 14:53:38.787041] [openram.characterizer.lib/prepare_tables]: Loads: [ 2.45605  9.8242  39.2968 ]
[2026-09-30 14:53:38.787566] [openram.characterizer.lib/prepare_tables]: self.load_slews : [(np.float64(2.45605), np.float64(0.0125)), (np.float64(9.8242), np.float64(0.0125)), (np.float64(39.2968), np.float64(0.0125)), (np.float64(2.45605), np.float64(0.05)), (np.float64(9.8242), np.float64(0.05)), (np.float64(39.2968), np.float64(0.05)), (np.float64(2.45605), np.float64(0.4)), (np.float64(9.8242), np.float64(0.4)), (np.float64(39.2968), np.float64(0.4))]
[2026-09-30 14:53:38.788004] [openram.characterizer.lib/characterize_corners]: Characterizing corners: [('TT', 5.0, 25)]
[2026-09-30 14:53:38.788427] [openram.characterizer.lib/characterize_corners]: Corner: ('TT', 5.0, 25)
[2026-09-30 14:53:38.788935] [openram.characterizer.lib/characterize_corners]: Writing to /media/nisitha/My_Passport/MOODLE/OpenRAM_Project/OpenRAM_Memory_Design/cache/sram/l2_data_array/l2_data_array_TT_5p0V_25C.lib
[2026-09-30 14:53:38.789857] WARNING: file elmore.py: line 45: In analytical mode, all ports have the timing of the first read port.

[2026-09-30 14:53:39.411097] [openram.characterizer.elmore/analytical_power]: Dynamic Power: 46.274518616 mW
[2026-09-30 14:53:39.411841] [openram.characterizer.elmore/analytical_power]: Leakage Power: 0.008929 mW
[2026-09-30 14:53:39.412285] [openram.characterizer.elmore/get_lib_values]: Slew, Load, Delay(ns), Slew(ns)
[2026-09-30 14:53:39.412923] [openram.characterizer.elmore/get_lib_values]: 0.0125, 2.45605, 2.9047980856323834, 0.006179820369407407
[2026-09-30 14:53:39.413527] [openram.characterizer.elmore/get_lib_values]: 0.0125, 9.8242, 2.922846996714606, 0.00798471147762963
[2026-09-30 14:53:39.414103] [openram.characterizer.elmore/get_lib_values]: 0.0125, 39.2968, 2.995042641043495, 0.015204275910518518
[2026-09-30 14:53:39.414669] [openram.characterizer.elmore/get_lib_values]: 0.05, 2.45605, 2.9047980856323834, 0.006179820369407407
[2026-09-30 14:53:39.415212] [openram.characterizer.elmore/get_lib_values]: 0.05, 9.8242, 2.922846996714606, 0.00798471147762963
[2026-09-30 14:53:39.415773] [openram.characterizer.elmore/get_lib_values]: 0.05, 39.2968, 2.995042641043495, 0.015204275910518518
[2026-09-30 14:53:39.416325] [openram.characterizer.elmore/get_lib_values]: 0.4, 2.45605, 2.9047980856323834, 0.006179820369407407
[2026-09-30 14:53:39.416893] [openram.characterizer.elmore/get_lib_values]: 0.4, 9.8242, 2.922846996714606, 0.00798471147762963
[2026-09-30 14:53:39.417455] [openram.characterizer.elmore/get_lib_values]: 0.4, 39.2968, 2.995042641043495, 0.015204275910518518
[2026-09-30 14:53:39.422187] ** Characterization: 0.6 seconds
[2026-09-30 14:53:39.422935] Config: Writing to /media/nisitha/My_Passport/MOODLE/OpenRAM_Project/OpenRAM_Memory_Design/cache/sram/l2_data_array/l2_data_array.py
[2026-09-30 14:53:39.423120] ** Config: 0.0 seconds
[2026-09-30 14:53:39.424267] Datasheet: Writing to /media/nisitha/My_Passport/MOODLE/OpenRAM_Project/OpenRAM_Memory_Design/cache/sram/l2_data_array/l2_data_array.html
[2026-09-30 14:53:39.426196] ** Datasheet: 0.0 seconds
[2026-09-30 14:53:39.426378] Verilog: Writing to /media/nisitha/My_Passport/MOODLE/OpenRAM_Project/OpenRAM_Memory_Design/cache/sram/l2_data_array/l2_data_array.v
[2026-09-30 14:53:39.426807] ** Verilog: 0.0 seconds
[2026-09-30 14:53:39.427662] [openram.globals/purge_temp]: Purging temp directory: /tmp/openram_nisitha_231155_temp/
[2026-09-30 14:53:39.440832] [openram.verify.magic/print_drc_stats]: DRC runs: 1
[2026-09-30 14:53:39.441157] [openram.verify.magic/print_lvs_stats]: LVS runs: 1
[2026-09-30 14:53:39.441365] [openram.verify.magic/print_pex_stats]: PEX runs: 0
[2026-09-30 14:53:39.441472] ** End: 848.7 seconds
