[2026-09-30 12:27:45.085239] |==============================================================================|
[2026-09-30 12:27:45.085880] |=========                      OpenRAM v1.2.49                       =========|
[2026-09-30 12:27:45.086002] |=========                                                            =========|
[2026-09-30 12:27:45.086112] |=========               VLSI Design and Automation Lab               =========|
[2026-09-30 12:27:45.086219] |=========        Computer Science and Engineering Department         =========|
[2026-09-30 12:27:45.086328] |=========            University of California Santa Cruz             =========|
[2026-09-30 12:27:45.086465] |=========                                                            =========|
[2026-09-30 12:27:45.086573] |=========          Usage help: openram-user-group@ucsc.edu           =========|
[2026-09-30 12:27:45.086686] |=========        Development help: openram-dev-group@ucsc.edu        =========|
[2026-09-30 12:27:45.086791] |=========                See LICENSE for license info                =========|
[2026-09-30 12:27:45.086894] |==============================================================================|
[2026-09-30 12:27:45.087006] ** Start: 09/30/2026 12:27:45
[2026-09-30 12:27:45.087118] Technology: scn4m_subm
[2026-09-30 12:27:45.087222] Total size: 8192 bits
[2026-09-30 12:27:45.087331] Word size: 32
Words: 256
Banks: 1
[2026-09-30 12:27:45.087441] RW ports: 1
R-only ports: 0
W-only ports: 0
[2026-09-30 12:27:45.087612] DRC/LVS/PEX is only run on the top-level design to save run-time (inline_lvsdrc=True to do inline checking).
[2026-09-30 12:27:45.087725] Characterization is disabled (using analytical delay models) (analytical_delay=False to simulate).
[2026-09-30 12:27:45.087835] Only generating nominal corner timing.
[2026-09-30 12:27:45.087948] Words per row: None
[2026-09-30 12:27:45.088062] Output files are: 
[2026-09-30 12:27:45.088170] /media/nisitha/My_Passport/MOODLE/OpenRAM_Project/OpenRAM_Memory_Design/my_first_sram.lvs
[2026-09-30 12:27:45.088279] /media/nisitha/My_Passport/MOODLE/OpenRAM_Project/OpenRAM_Memory_Design/my_first_sram.sp
[2026-09-30 12:27:45.088383] /media/nisitha/My_Passport/MOODLE/OpenRAM_Project/OpenRAM_Memory_Design/my_first_sram.v
[2026-09-30 12:27:45.088488] /media/nisitha/My_Passport/MOODLE/OpenRAM_Project/OpenRAM_Memory_Design/my_first_sram.lib
[2026-09-30 12:27:45.088597] /media/nisitha/My_Passport/MOODLE/OpenRAM_Project/OpenRAM_Memory_Design/my_first_sram.py
[2026-09-30 12:27:45.088714] /media/nisitha/My_Passport/MOODLE/OpenRAM_Project/OpenRAM_Memory_Design/my_first_sram.html
[2026-09-30 12:27:45.088820] /media/nisitha/My_Passport/MOODLE/OpenRAM_Project/OpenRAM_Memory_Design/my_first_sram.log
[2026-09-30 12:27:45.088924] /media/nisitha/My_Passport/MOODLE/OpenRAM_Project/OpenRAM_Memory_Design/my_first_sram.lef
[2026-09-30 12:27:45.089030] /media/nisitha/My_Passport/MOODLE/OpenRAM_Project/OpenRAM_Memory_Design/my_first_sram.gds
[2026-09-30 12:28:06.608976] ** Submodules: 21.5 seconds
[2026-09-30 12:28:06.630941] ** Placement: 0.0 seconds
[2026-09-30 12:33:31.593090] ** Routing: 325.0 seconds
[2026-09-30 12:33:34.019086] ERROR: file magic.py: line 245: Unable to find the total error line in Magic output.

