[2026-10-07 05:30:56.942534] [openram.globals/init_openram]: Initializing OpenRAM...
[2026-10-07 05:30:56.942765] [openram.globals/setup_paths]: OpenRAM source code found in /home/nisitha/OpenRAM/compiler
[2026-10-07 05:30:56.943006] [openram.globals/setup_paths]: Temporary files saved in /tmp/openram_nisitha_1227462_temp/
[2026-10-07 05:30:56.943359] [openram.globals/read_config]: Configuration file is /media/nisitha/My_Passport/MOODLE/OpenRAM_Project/OpenRAM_Memory_Design/cache/sram_sky130/l1d_tag_array.py
[2026-10-07 05:30:56.945205] [openram.globals/read_config]: Output saved in /media/nisitha/My_Passport/MOODLE/OpenRAM_Project/OpenRAM_Memory_Design/cache/sram_sky130/l1d_tag_array/
[2026-10-07 05:30:56.945901] [openram.globals/import_tech]: Tech directory found in /home/nisitha/OpenRAM/technology:/home/nisitha/OpenRAM/compiler/../technology
[2026-10-07 05:30:56.946321] [openram.globals/import_tech]: Adding technology path: /home/nisitha/OpenRAM/technology
[2026-10-07 05:30:56.946686] [openram.globals/import_tech]: Adding technology path: /home/nisitha/OpenRAM/compiler/../technology
[2026-10-07 05:30:56.952849] [openram.globals/init_paths]: Creating temp directory: /tmp/openram_nisitha_1227462_temp/
[2026-10-07 05:30:57.138366] [openram.globals/setup_bitcell]: Using bitcell: bitcell_2port
[2026-10-07 05:30:58.196732] [openram.characterizer/<module>]: Initializing characterizer...
[2026-10-07 05:30:58.204559] [openram.characterizer/<module>]: Analytical model enabled.
[2026-10-07 05:30:58.214230] [openram.verify/<module>]: Initializing verify...
[2026-10-07 05:30:58.224181] [openram.verify/<module>]: Finding DRC/LVS/PEX tools.
[2026-10-07 05:30:58.232213] [openram.globals/get_tool]: Using DRC: /nix/store/1zcyq032zc3mzhmgs2j3q2rmfrjj5v6b-magic-vlsi-8.3.629/bin/magic
[2026-10-07 05:30:58.241113] [openram.globals/get_tool]: Using LVS: /nix/store/h3crgmx1w7h86qjpr131igi7p576mp3x-netgen-1.5.318/bin/netgen
[2026-10-07 05:30:58.248761] [openram.globals/get_tool]: Using PEX: /nix/store/1zcyq032zc3mzhmgs2j3q2rmfrjj5v6b-magic-vlsi-8.3.629/bin/magic
[2026-10-07 05:30:58.250706] [openram.globals/setup_bitcell]: Using bitcell: bitcell_2port
[2026-10-07 05:30:58.250902] |==============================================================================|
[2026-10-07 05:30:58.250996] |=========                      OpenRAM v1.2.49                       =========|
[2026-10-07 05:30:58.251075] |=========                                                            =========|
[2026-10-07 05:30:58.251152] |=========               VLSI Design and Automation Lab               =========|
[2026-10-07 05:30:58.251226] |=========        Computer Science and Engineering Department         =========|
[2026-10-07 05:30:58.251307] |=========            University of California Santa Cruz             =========|
[2026-10-07 05:30:58.251379] |=========                                                            =========|
[2026-10-07 05:30:58.251461] |=========          Usage help: openram-user-group@ucsc.edu           =========|
[2026-10-07 05:30:58.251536] |=========        Development help: openram-dev-group@ucsc.edu        =========|
[2026-10-07 05:30:58.251606] |=========                See LICENSE for license info                =========|
[2026-10-07 05:30:58.251679] |==============================================================================|
[2026-10-07 05:30:58.251761] ** Start: 10/07/2026 05:30:58
[2026-10-07 05:30:58.251846] Technology: sky130
[2026-10-07 05:30:58.251923] Total size: 352 bits
[2026-10-07 05:30:58.252010] Word size: 11
Words: 32
Banks: 1
[2026-10-07 05:30:58.252088] RW ports: 0
R-only ports: 1
W-only ports: 1
[2026-10-07 05:30:58.252160] DRC/LVS/PEX is only run on the top-level design to save run-time (inline_lvsdrc=True to do inline checking).
[2026-10-07 05:30:58.252236] Characterization is disabled (using analytical delay models) (analytical_delay=False to simulate).
[2026-10-07 05:30:58.252307] Only generating nominal corner timing.
[2026-10-07 05:30:58.252381] Words per row: None
[2026-10-07 05:30:58.252466] Output files are: 
[2026-10-07 05:30:58.252573] /media/nisitha/My_Passport/MOODLE/OpenRAM_Project/OpenRAM_Memory_Design/cache/sram_sky130/l1d_tag_array/l1d_tag_array.lvs
[2026-10-07 05:30:58.252649] /media/nisitha/My_Passport/MOODLE/OpenRAM_Project/OpenRAM_Memory_Design/cache/sram_sky130/l1d_tag_array/l1d_tag_array.sp
[2026-10-07 05:30:58.252718] /media/nisitha/My_Passport/MOODLE/OpenRAM_Project/OpenRAM_Memory_Design/cache/sram_sky130/l1d_tag_array/l1d_tag_array.v
[2026-10-07 05:30:58.252793] /media/nisitha/My_Passport/MOODLE/OpenRAM_Project/OpenRAM_Memory_Design/cache/sram_sky130/l1d_tag_array/l1d_tag_array.lib
[2026-10-07 05:30:58.252863] /media/nisitha/My_Passport/MOODLE/OpenRAM_Project/OpenRAM_Memory_Design/cache/sram_sky130/l1d_tag_array/l1d_tag_array.py
[2026-10-07 05:30:58.252937] /media/nisitha/My_Passport/MOODLE/OpenRAM_Project/OpenRAM_Memory_Design/cache/sram_sky130/l1d_tag_array/l1d_tag_array.html
[2026-10-07 05:30:58.253011] /media/nisitha/My_Passport/MOODLE/OpenRAM_Project/OpenRAM_Memory_Design/cache/sram_sky130/l1d_tag_array/l1d_tag_array.log
[2026-10-07 05:30:58.253082] /media/nisitha/My_Passport/MOODLE/OpenRAM_Project/OpenRAM_Memory_Design/cache/sram_sky130/l1d_tag_array/l1d_tag_array.lef
[2026-10-07 05:30:58.253152] /media/nisitha/My_Passport/MOODLE/OpenRAM_Project/OpenRAM_Memory_Design/cache/sram_sky130/l1d_tag_array/l1d_tag_array.gds
[2026-10-07 05:30:58.272321] [openram.sram_config/recompute_sizes]: Recomputing with words per row: 1
[2026-10-07 05:30:58.272771] [openram.sram_config/recompute_sizes]: Rows: 32 Cols: 11
[2026-10-07 05:30:58.273080] [openram.sram_config/recompute_sizes]: Row addr size: 5 Col addr size: 0 Bank addr size: 5
[2026-10-07 05:30:58.273325] [openram.sram_config/compute_sizes]: Set SRAM Words Per Row=1
[2026-10-07 05:30:58.284956] [openram.modules.bitcell_base_array/__init__]: Creating l1d_tag_array_capped_replica_bitcell_array 32 x 11
[2026-10-07 05:30:58.285579] [openram.modules.capped_replica_bitcell_array/__init__]: Creating l1d_tag_array_capped_replica_bitcell_array 32 x 11 rbls: [1, 1] left_rbl: [0] right_rbl: [1]
[2026-10-07 05:30:58.286577] [openram.modules.bitcell_base_array/__init__]: Creating l1d_tag_array_replica_bitcell_array 32 x 11
[2026-10-07 05:30:58.287091] [openram.modules.replica_bitcell_array/__init__]: Creating l1d_tag_array_replica_bitcell_array 32 x 11 rbls: [1, 1] left_rbl: [0] right_rbl: [1]
[2026-10-07 05:30:58.288023] [openram.modules.bitcell_base_array/__init__]: Creating l1d_tag_array_bitcell_array 32 x 11
[2026-10-07 05:30:58.288664] [openram.modules.bitcell_array/__init__]: Creating l1d_tag_array_bitcell_array 32 x 11
[2026-10-07 05:30:58.425088] [openram.modules.bitcell_base_array/__init__]: Creating l1d_tag_array_replica_column 34 x 1
[2026-10-07 05:30:58.463068] [openram.modules.bitcell_base_array/__init__]: Creating l1d_tag_array_replica_column_0 34 x 1
[2026-10-07 05:30:58.475953] [openram.modules.bitcell_base_array/__init__]: Creating l1d_tag_array_dummy_array 1 x 11
[2026-10-07 05:30:58.529234] [openram.modules.bitcell_base_array/__init__]: Creating l1d_tag_array_col_cap_array 1 x 13
[2026-10-07 05:30:58.536793] [openram.modules.bitcell_base_array/__init__]: Creating l1d_tag_array_col_cap_array_0 1 x 13
[2026-10-07 05:30:58.542724] [openram.modules.bitcell_base_array/__init__]: Creating l1d_tag_array_row_cap_array 34 x 1
[2026-10-07 05:30:58.553095] [openram.modules.bitcell_base_array/__init__]: Creating l1d_tag_array_row_cap_array_0 34 x 1
[2026-10-07 05:30:58.607786] [openram.modules.and2_dec/__init__]: Creating and2_dec and2_dec
[2026-10-07 05:30:58.615240] [openram.modules.and3_dec/__init__]: Creating and3_dec and3_dec
[2026-10-07 05:30:58.675338] [openram.modules.and4_dec/__init__]: Creating and4_dec and4_dec
[2026-10-07 05:30:58.735844] [openram.modules.wordline_driver_array/__init__]: Creating l1d_tag_array_wordline_driver_array
[2026-10-07 05:30:58.737128] [openram.modules.wordline_driver/__init__]: Creating wordline_driver wordline_driver
[2026-10-07 05:30:58.772143] [openram.modules.and2_dec/__init__]: Creating and2_dec and2_dec_0
[2026-10-07 05:30:58.801368] [openram.modules.precharge_array/__init__]: Creating l1d_tag_array_precharge_array
[2026-10-07 05:30:58.811329] [openram.modules.write_driver_array/__init__]: Creating l1d_tag_array_write_driver_array
[2026-10-07 05:30:58.831868] [openram.modules.precharge_array/__init__]: Creating l1d_tag_array_precharge_array_0
[2026-10-07 05:30:58.841255] [openram.modules.sense_amp_array/__init__]: Creating l1d_tag_array_sense_amp_array
[2026-10-07 05:30:58.899345] [openram.modules.dff_array/__init__]: Creating l1d_tag_array_row_addr_dff rows=5 cols=1
[2026-10-07 05:30:58.904144] [openram.modules.dff_array/__init__]: Creating l1d_tag_array_data_dff rows=1 cols=11
[2026-10-07 05:30:58.910705] [openram.modules.control_logic_base/__init__]: Creating control_logic_w
[2026-10-07 05:30:58.911572] [openram.modules.dff_buf/__init__]: Creating l1d_tag_array_dff_buf
[2026-10-07 05:30:58.921184] [openram.modules.dff_buf_array/__init__]: Creating l1d_tag_array_dff_buf_array
[2026-10-07 05:30:58.921949] [openram.modules.dff_buf/__init__]: Creating l1d_tag_array_dff_buf_0
[2026-10-07 05:30:58.924984] [openram.modules.pand2/__init__]: Creating pand2 pand2
[2026-10-07 05:30:58.928860] [openram.modules.pdriver/__init__]: creating pdriver pdriver
[2026-10-07 05:30:58.934630] [openram.modules.pbuf/__init__]: creating pbuf with size of 11
[2026-10-07 05:30:58.939503] [openram.modules.pdriver/__init__]: creating pdriver pdriver_0
[2026-10-07 05:30:58.952619] [openram.modules.pdriver/__init__]: creating pdriver pdriver_1
[2026-10-07 05:30:58.955288] [openram.modules.pand3/__init__]: Creating pand3 pand3
[2026-10-07 05:30:58.958481] [openram.modules.pdriver/__init__]: creating pdriver pdriver_2
[2026-10-07 05:30:58.965023] [openram.modules.pand3/__init__]: Creating pand3 pand3_0
[2026-10-07 05:30:58.965848] [openram.modules.pdriver/__init__]: creating pdriver pdriver_3
[2026-10-07 05:30:58.970223] [openram.modules.pdriver/__init__]: creating pdriver pdriver_4
[2026-10-07 05:30:58.975800] [openram.modules.delay_chain/__init__]: creating delay chain [4, 4, 4, 4, 4, 4, 4, 4, 4]
[2026-10-07 05:30:59.006773] [openram.modules.control_logic_base/__init__]: Creating control_logic_r
[2026-10-07 05:30:59.017297] ** Submodules: 0.7 seconds
[2026-10-07 05:30:59.025075] ** Placement: 0.0 seconds
[2026-10-07 05:31:05.654654] [openram.base.hierarchy_layout/get_bbox]: Size: 238.18 x 174.02 with perimeter margin 0
[2026-10-07 05:31:05.670621] [openram.router.router_tech/__init__]: Minimum track width: 0.680
[2026-10-07 05:31:05.671151] [openram.router.router_tech/__init__]: Minimum track space: 0.300
[2026-10-07 05:31:05.671584] [openram.router.router_tech/__init__]: Minimum track wire width: 0.380
[2026-10-07 05:31:05.671971] [openram.router.signal_escape_router/route]: Running signal escape router...
[2026-10-07 05:31:14.112848] [openram.router.router_tech/__init__]: Minimum track width: 0.680
[2026-10-07 05:31:14.113552] [openram.router.router_tech/__init__]: Minimum track space: 0.300
[2026-10-07 05:31:14.114170] [openram.router.router_tech/__init__]: Minimum track wire width: 0.380
[2026-10-07 05:31:14.114541] [openram.router.supply_router/route]: Running router for vdd and gnd...
[2026-10-07 05:32:27.474372] ** Routing: 88.4 seconds
[2026-10-07 05:32:57.635346] [openram.verify.run_script/run_script]: Still running /tmp/openram_nisitha_1227462_temp/run_ext.sh (30 seconds)
[2026-10-07 05:33:27.639185] [openram.verify.run_script/run_script]: Still running /tmp/openram_nisitha_1227462_temp/run_ext.sh (60 seconds)
[2026-10-07 05:33:34.641868] WARNING: file magic.py: line 254: DRC Errors l1d_tag_array	6

[2026-10-07 05:33:35.649789] [openram.verify.magic/run_lvs]: l1d_tag_array	LVS matches
[2026-10-07 05:33:35.650323] ** Verification: 68.2 seconds
[2026-10-07 05:33:35.652597] ** SRAM creation: 157.4 seconds
[2026-10-07 05:33:35.652703] SP: Writing to /media/nisitha/My_Passport/MOODLE/OpenRAM_Project/OpenRAM_Memory_Design/cache/sram_sky130/l1d_tag_array/l1d_tag_array.sp
[2026-10-07 05:33:35.668634] [openram.characterizer.functional/__init__]: Random seed for functional simulation: 1791331415667043204
[2026-10-07 05:33:35.690887] ** Spice writing: 0.0 seconds
[2026-10-07 05:33:35.691040] DELAY: Writing stimulus...
[2026-10-07 05:33:35.963996] [openram.characterizer.delay/create_sen_and_bitline_path_measures]: self.bl_name = xl1d_tag_array.xbank0.bl_1_10
[2026-10-07 05:33:35.966801] ** DELAY: 0.3 seconds
[2026-10-07 05:33:35.978738] GDS: Writing to /media/nisitha/My_Passport/MOODLE/OpenRAM_Project/OpenRAM_Memory_Design/cache/sram_sky130/l1d_tag_array/l1d_tag_array.gds
[2026-10-07 05:33:36.076049] ** GDS: 0.1 seconds
[2026-10-07 05:33:36.076189] LEF: Writing to /media/nisitha/My_Passport/MOODLE/OpenRAM_Project/OpenRAM_Memory_Design/cache/sram_sky130/l1d_tag_array/l1d_tag_array.lef
[2026-10-07 05:33:36.081350] ** LEF: 0.0 seconds
[2026-10-07 05:33:36.081470] LVS: Writing to /media/nisitha/My_Passport/MOODLE/OpenRAM_Project/OpenRAM_Memory_Design/cache/sram_sky130/l1d_tag_array/l1d_tag_array.lvs.sp
[2026-10-07 05:33:36.100264] ** LVS writing: 0.0 seconds
[2026-10-07 05:33:36.100433] LIB: Characterizing... 
[2026-10-07 05:33:36.101418] [openram.characterizer.lib/prepare_tables]: Slews: [0.00125 0.005   0.04   ]
[2026-10-07 05:33:36.102014] [openram.characterizer.lib/prepare_tables]: Loads: [ 1.7225  6.89   27.56  ]
[2026-10-07 05:33:36.102483] [openram.characterizer.lib/prepare_tables]: self.load_slews : [(np.float64(1.7225), np.float64(0.00125)), (np.float64(6.89), np.float64(0.00125)), (np.float64(27.56), np.float64(0.00125)), (np.float64(1.7225), np.float64(0.005)), (np.float64(6.89), np.float64(0.005)), (np.float64(27.56), np.float64(0.005)), (np.float64(1.7225), np.float64(0.04)), (np.float64(6.89), np.float64(0.04)), (np.float64(27.56), np.float64(0.04))]
[2026-10-07 05:33:36.102869] [openram.characterizer.lib/characterize_corners]: Characterizing corners: [('TT', 1.8, 25)]
[2026-10-07 05:33:36.103253] [openram.characterizer.lib/characterize_corners]: Corner: ('TT', 1.8, 25)
[2026-10-07 05:33:36.103765] [openram.characterizer.lib/characterize_corners]: Writing to /media/nisitha/My_Passport/MOODLE/OpenRAM_Project/OpenRAM_Memory_Design/cache/sram_sky130/l1d_tag_array/l1d_tag_array_TT_1p8V_25C.lib
[2026-10-07 05:33:36.104540] WARNING: file elmore.py: line 45: In analytical mode, all ports have the timing of the first read port.

[2026-10-07 05:33:36.222611] [openram.characterizer.elmore/analytical_power]: Dynamic Power: 2385253334.198985 mW
[2026-10-07 05:33:36.223249] [openram.characterizer.elmore/analytical_power]: Leakage Power: 0.00082 mW
[2026-10-07 05:33:36.223718] [openram.characterizer.elmore/get_lib_values]: Slew, Load, Delay(ns), Slew(ns)
[2026-10-07 05:33:36.224331] [openram.characterizer.elmore/get_lib_values]: 0.00125, 1.7225, 0.21367031250000001, 0.00167765625
[2026-10-07 05:33:36.224917] [openram.characterizer.elmore/get_lib_values]: 0.00125, 6.89, 0.24273750000000002, 0.004584374999999999
[2026-10-07 05:33:36.225459] [openram.characterizer.elmore/get_lib_values]: 0.00125, 27.56, 0.35900625, 0.016211249999999996
[2026-10-07 05:33:36.226015] [openram.characterizer.elmore/get_lib_values]: 0.005, 1.7225, 0.21367031250000001, 0.00167765625
[2026-10-07 05:33:36.226565] [openram.characterizer.elmore/get_lib_values]: 0.005, 6.89, 0.24273750000000002, 0.004584374999999999
[2026-10-07 05:33:36.227104] [openram.characterizer.elmore/get_lib_values]: 0.005, 27.56, 0.35900625, 0.016211249999999996
[2026-10-07 05:33:36.227656] [openram.characterizer.elmore/get_lib_values]: 0.04, 1.7225, 0.21367031250000001, 0.00167765625
[2026-10-07 05:33:36.228196] [openram.characterizer.elmore/get_lib_values]: 0.04, 6.89, 0.24273750000000002, 0.004584374999999999
[2026-10-07 05:33:36.228740] [openram.characterizer.elmore/get_lib_values]: 0.04, 27.56, 0.35900625, 0.016211249999999996
[2026-10-07 05:33:36.233998] ** Characterization: 0.1 seconds
[2026-10-07 05:33:36.236740] Config: Writing to /media/nisitha/My_Passport/MOODLE/OpenRAM_Project/OpenRAM_Memory_Design/cache/sram_sky130/l1d_tag_array/l1d_tag_array.py
[2026-10-07 05:33:36.236919] ** Config: 0.0 seconds
[2026-10-07 05:33:36.238601] Datasheet: Writing to /media/nisitha/My_Passport/MOODLE/OpenRAM_Project/OpenRAM_Memory_Design/cache/sram_sky130/l1d_tag_array/l1d_tag_array.html
[2026-10-07 05:33:36.240555] ** Datasheet: 0.0 seconds
[2026-10-07 05:33:36.240673] Verilog: Writing to /media/nisitha/My_Passport/MOODLE/OpenRAM_Project/OpenRAM_Memory_Design/cache/sram_sky130/l1d_tag_array/l1d_tag_array.v
[2026-10-07 05:33:36.240943] ** Verilog: 0.0 seconds
[2026-10-07 05:33:36.241303] [openram.globals/purge_temp]: Purging temp directory: /tmp/openram_nisitha_1227462_temp/
[2026-10-07 05:33:36.245792] [openram.verify.magic/print_drc_stats]: DRC runs: 1
[2026-10-07 05:33:36.246064] [openram.verify.magic/print_lvs_stats]: LVS runs: 1
[2026-10-07 05:33:36.246273] [openram.verify.magic/print_pex_stats]: PEX runs: 0
[2026-10-07 05:33:36.246371] ** End: 158.0 seconds
