[2026-09-30 14:40:55.977087] [openram.globals/init_openram]: Initializing OpenRAM...
[2026-09-30 14:40:55.977277] [openram.globals/setup_paths]: OpenRAM source code found in /home/nisitha/OpenRAM/compiler
[2026-09-30 14:40:55.977481] [openram.globals/setup_paths]: Temporary files saved in /tmp/openram_nisitha_232774_temp/
[2026-09-30 14:40:55.977746] [openram.globals/read_config]: Configuration file is /media/nisitha/My_Passport/MOODLE/OpenRAM_Project/OpenRAM_Memory_Design/cache/sram/l1d_tag_array.py
[2026-09-30 14:40:55.979886] [openram.globals/read_config]: Output saved in /media/nisitha/My_Passport/MOODLE/OpenRAM_Project/OpenRAM_Memory_Design/cache/sram/l1d_tag_array/
[2026-09-30 14:40:55.980548] [openram.globals/import_tech]: Tech directory found in /home/nisitha/OpenRAM/technology:/home/nisitha/OpenRAM/compiler/../technology
[2026-09-30 14:40:55.980927] [openram.globals/import_tech]: Adding technology path: /home/nisitha/OpenRAM/technology
[2026-09-30 14:40:55.981263] [openram.globals/import_tech]: Adding technology path: /home/nisitha/OpenRAM/compiler/../technology
[2026-09-30 14:40:55.984310] [openram.globals/init_paths]: Creating temp directory: /tmp/openram_nisitha_232774_temp/
[2026-09-30 14:40:56.115829] [openram.globals/setup_bitcell]: Using bitcell: bitcell_2port
[2026-09-30 14:40:56.864938] [openram.characterizer/<module>]: Initializing characterizer...
[2026-09-30 14:40:56.872509] [openram.characterizer/<module>]: Analytical model enabled.
[2026-09-30 14:40:56.880789] [openram.verify/<module>]: Initializing verify...
[2026-09-30 14:40:56.888341] [openram.verify/<module>]: Finding DRC/LVS/PEX tools.
[2026-09-30 14:40:56.895878] [openram.globals/get_tool]: Using DRC: /nix/store/1zcyq032zc3mzhmgs2j3q2rmfrjj5v6b-magic-vlsi-8.3.629/bin/magic
[2026-09-30 14:40:56.903328] [openram.globals/get_tool]: Using LVS: /nix/store/h3crgmx1w7h86qjpr131igi7p576mp3x-netgen-1.5.318/bin/netgen
[2026-09-30 14:40:56.911439] [openram.globals/get_tool]: Using PEX: /nix/store/1zcyq032zc3mzhmgs2j3q2rmfrjj5v6b-magic-vlsi-8.3.629/bin/magic
[2026-09-30 14:40:56.912512] [openram.globals/setup_bitcell]: Using bitcell: bitcell_2port
[2026-09-30 14:40:56.912701] |==============================================================================|
[2026-09-30 14:40:56.913099] |=========                      OpenRAM v1.2.49                       =========|
[2026-09-30 14:40:56.913339] |=========                                                            =========|
[2026-09-30 14:40:56.913595] |=========               VLSI Design and Automation Lab               =========|
[2026-09-30 14:40:56.913830] |=========        Computer Science and Engineering Department         =========|
[2026-09-30 14:40:56.914056] |=========            University of California Santa Cruz             =========|
[2026-09-30 14:40:56.914238] |=========                                                            =========|
[2026-09-30 14:40:56.914400] |=========          Usage help: openram-user-group@ucsc.edu           =========|
[2026-09-30 14:40:56.914521] |=========        Development help: openram-dev-group@ucsc.edu        =========|
[2026-09-30 14:40:56.914634] |=========                See LICENSE for license info                =========|
[2026-09-30 14:40:56.914751] |==============================================================================|
[2026-09-30 14:40:56.914885] ** Start: 09/30/2026 14:40:56
[2026-09-30 14:40:56.915152] Technology: scn4m_subm
[2026-09-30 14:40:56.915437] Total size: 352 bits
[2026-09-30 14:40:56.915707] Word size: 11
Words: 32
Banks: 1
[2026-09-30 14:40:56.915897] RW ports: 0
R-only ports: 1
W-only ports: 1
[2026-09-30 14:40:56.916073] DRC/LVS/PEX is only run on the top-level design to save run-time (inline_lvsdrc=True to do inline checking).
[2026-09-30 14:40:56.916269] Characterization is disabled (using analytical delay models) (analytical_delay=False to simulate).
[2026-09-30 14:40:56.916536] Only generating nominal corner timing.
[2026-09-30 14:40:56.916748] Words per row: None
[2026-09-30 14:40:56.916894] Output files are: 
[2026-09-30 14:40:56.916995] /media/nisitha/My_Passport/MOODLE/OpenRAM_Project/OpenRAM_Memory_Design/cache/sram/l1d_tag_array/l1d_tag_array.lvs
[2026-09-30 14:40:56.917121] /media/nisitha/My_Passport/MOODLE/OpenRAM_Project/OpenRAM_Memory_Design/cache/sram/l1d_tag_array/l1d_tag_array.sp
[2026-09-30 14:40:56.917217] /media/nisitha/My_Passport/MOODLE/OpenRAM_Project/OpenRAM_Memory_Design/cache/sram/l1d_tag_array/l1d_tag_array.v
[2026-09-30 14:40:56.917308] /media/nisitha/My_Passport/MOODLE/OpenRAM_Project/OpenRAM_Memory_Design/cache/sram/l1d_tag_array/l1d_tag_array.lib
[2026-09-30 14:40:56.917398] /media/nisitha/My_Passport/MOODLE/OpenRAM_Project/OpenRAM_Memory_Design/cache/sram/l1d_tag_array/l1d_tag_array.py
[2026-09-30 14:40:56.917488] /media/nisitha/My_Passport/MOODLE/OpenRAM_Project/OpenRAM_Memory_Design/cache/sram/l1d_tag_array/l1d_tag_array.html
[2026-09-30 14:40:56.917591] /media/nisitha/My_Passport/MOODLE/OpenRAM_Project/OpenRAM_Memory_Design/cache/sram/l1d_tag_array/l1d_tag_array.log
[2026-09-30 14:40:56.917691] /media/nisitha/My_Passport/MOODLE/OpenRAM_Project/OpenRAM_Memory_Design/cache/sram/l1d_tag_array/l1d_tag_array.lef
[2026-09-30 14:40:56.917782] /media/nisitha/My_Passport/MOODLE/OpenRAM_Project/OpenRAM_Memory_Design/cache/sram/l1d_tag_array/l1d_tag_array.gds
[2026-09-30 14:40:56.926348] [openram.sram_config/recompute_sizes]: Recomputing with words per row: 2
[2026-09-30 14:40:56.926770] [openram.sram_config/recompute_sizes]: Rows: 16 Cols: 22
[2026-09-30 14:40:56.927130] [openram.sram_config/recompute_sizes]: Row addr size: 4 Col addr size: 1 Bank addr size: 5
[2026-09-30 14:40:56.927433] [openram.sram_config/compute_sizes]: Set SRAM Words Per Row=2
[2026-09-30 14:40:56.936088] [openram.modules.bitcell_base_array/__init__]: Creating l1d_tag_array_capped_replica_bitcell_array 16 x 22
[2026-09-30 14:40:56.936608] [openram.modules.capped_replica_bitcell_array/__init__]: Creating l1d_tag_array_capped_replica_bitcell_array 16 x 22 rbls: [1, 1] left_rbl: [0] right_rbl: [1]
[2026-09-30 14:40:56.937328] [openram.modules.bitcell_base_array/__init__]: Creating l1d_tag_array_replica_bitcell_array 16 x 22
[2026-09-30 14:40:56.937892] [openram.modules.replica_bitcell_array/__init__]: Creating l1d_tag_array_replica_bitcell_array 16 x 22 rbls: [1, 1] left_rbl: [0] right_rbl: [1]
[2026-09-30 14:40:56.938662] [openram.modules.bitcell_base_array/__init__]: Creating l1d_tag_array_bitcell_array 16 x 22
[2026-09-30 14:40:56.939291] [openram.modules.bitcell_array/__init__]: Creating l1d_tag_array_bitcell_array 16 x 22
[2026-09-30 14:40:57.043504] [openram.modules.bitcell_base_array/__init__]: Creating l1d_tag_array_replica_column 18 x 1
[2026-09-30 14:40:57.055192] [openram.modules.bitcell_base_array/__init__]: Creating l1d_tag_array_replica_column_0 18 x 1
[2026-09-30 14:40:57.060753] [openram.modules.bitcell_base_array/__init__]: Creating l1d_tag_array_dummy_array 1 x 22
[2026-09-30 14:40:57.094415] [openram.modules.bitcell_base_array/__init__]: Creating l1d_tag_array_dummy_array_0 1 x 24
[2026-09-30 14:40:57.102985] [openram.modules.bitcell_base_array/__init__]: Creating l1d_tag_array_dummy_array_1 1 x 24
[2026-09-30 14:40:57.111634] [openram.modules.bitcell_base_array/__init__]: Creating l1d_tag_array_dummy_array_2 20 x 1
[2026-09-30 14:40:57.117651] [openram.modules.bitcell_base_array/__init__]: Creating l1d_tag_array_dummy_array_3 20 x 1
[2026-09-30 14:40:57.178382] [openram.modules.and2_dec/__init__]: Creating and2_dec and2_dec
[2026-09-30 14:40:57.186094] [openram.modules.and3_dec/__init__]: Creating and3_dec and3_dec
[2026-09-30 14:40:57.204013] [openram.modules.and4_dec/__init__]: Creating and4_dec and4_dec
[2026-09-30 14:40:57.238687] [openram.modules.wordline_driver_array/__init__]: Creating l1d_tag_array_wordline_driver_array
[2026-09-30 14:40:57.239404] [openram.modules.wordline_driver/__init__]: Creating wordline_driver wordline_driver
[2026-09-30 14:40:57.250244] [openram.modules.and2_dec/__init__]: Creating and2_dec and2_dec_0
[2026-09-30 14:40:57.266325] [openram.modules.precharge_array/__init__]: Creating l1d_tag_array_precharge_array
[2026-09-30 14:40:57.276306] [openram.modules.column_mux_array/__init__]: Creating l1d_tag_array_column_mux_array
[2026-09-30 14:40:57.294285] [openram.modules.write_driver_array/__init__]: Creating l1d_tag_array_write_driver_array
[2026-09-30 14:40:57.325995] [openram.modules.precharge_array/__init__]: Creating l1d_tag_array_precharge_array_0
[2026-09-30 14:40:57.369312] [openram.modules.sense_amp_array/__init__]: Creating l1d_tag_array_sense_amp_array
[2026-09-30 14:40:57.380170] [openram.modules.column_mux_array/__init__]: Creating l1d_tag_array_column_mux_array_0
[2026-09-30 14:40:57.420328] [openram.modules.pinvbuf/__init__]: creating pinvbuf pinvbuf
[2026-09-30 14:40:57.457955] [openram.modules.dff_array/__init__]: Creating l1d_tag_array_row_addr_dff rows=4 cols=1
[2026-09-30 14:40:57.460589] [openram.modules.dff_array/__init__]: Creating l1d_tag_array_col_addr_dff rows=1 cols=1
[2026-09-30 14:40:57.461697] [openram.modules.dff_array/__init__]: Creating l1d_tag_array_data_dff rows=1 cols=11
[2026-09-30 14:40:57.465856] [openram.modules.control_logic_base/__init__]: Creating control_logic_w
[2026-09-30 14:40:57.466493] [openram.modules.dff_buf/__init__]: Creating l1d_tag_array_dff_buf
[2026-09-30 14:40:57.468286] [openram.modules.dff_buf_array/__init__]: Creating l1d_tag_array_dff_buf_array
[2026-09-30 14:40:57.468908] [openram.modules.dff_buf/__init__]: Creating l1d_tag_array_dff_buf_0
[2026-09-30 14:40:57.471303] [openram.modules.pand2/__init__]: Creating pand2 pand2
[2026-09-30 14:40:57.475138] [openram.modules.pdriver/__init__]: creating pdriver pdriver
[2026-09-30 14:40:57.479059] [openram.modules.pbuf/__init__]: creating pbuf with size of 22
[2026-09-30 14:40:57.484753] [openram.modules.pdriver/__init__]: creating pdriver pdriver_0
[2026-09-30 14:40:57.494523] [openram.modules.pdriver/__init__]: creating pdriver pdriver_1
[2026-09-30 14:40:57.496867] [openram.modules.pand3/__init__]: Creating pand3 pand3
[2026-09-30 14:40:57.499351] [openram.modules.pdriver/__init__]: creating pdriver pdriver_2
[2026-09-30 14:40:57.503377] [openram.modules.pand3/__init__]: Creating pand3 pand3_0
[2026-09-30 14:40:57.504075] [openram.modules.pdriver/__init__]: creating pdriver pdriver_3
[2026-09-30 14:40:57.505750] [openram.modules.pdriver/__init__]: creating pdriver pdriver_4
[2026-09-30 14:40:57.511895] [openram.modules.delay_chain/__init__]: creating delay chain [4, 4, 4, 4, 4, 4, 4, 4, 4]
[2026-09-30 14:40:57.533790] [openram.modules.control_logic_base/__init__]: Creating control_logic_r
[2026-09-30 14:40:57.542320] ** Submodules: 0.6 seconds
[2026-09-30 14:40:57.548766] ** Placement: 0.0 seconds
[2026-09-30 14:41:00.624513] [openram.base.hierarchy_layout/get_bbox]: Size: 705.2 x 529.2 with perimeter margin 0
[2026-09-30 14:41:00.634706] [openram.router.router_tech/__init__]: Minimum track width: 2.400
[2026-09-30 14:41:00.635388] [openram.router.router_tech/__init__]: Minimum track space: 1.200
[2026-09-30 14:41:00.635842] [openram.router.router_tech/__init__]: Minimum track wire width: 1.200
[2026-09-30 14:41:00.636234] [openram.router.signal_escape_router/route]: Running signal escape router...
[2026-09-30 14:41:02.505942] [openram.router.router_tech/__init__]: Minimum track width: 2.400
[2026-09-30 14:41:02.506546] [openram.router.router_tech/__init__]: Minimum track space: 1.200
[2026-09-30 14:41:02.507289] [openram.router.router_tech/__init__]: Minimum track wire width: 1.200
[2026-09-30 14:41:02.507900] [openram.router.supply_router/route]: Running router for vdd and gnd...
[2026-09-30 14:41:25.349439] ** Routing: 27.8 seconds
[2026-09-30 14:41:33.420181] [openram.verify.magic/run_drc]: DRC Errors l1d_tag_array	0
[2026-09-30 14:41:34.427074] [openram.verify.magic/run_lvs]: l1d_tag_array	LVS matches
[2026-09-30 14:41:34.427515] ** Verification: 9.1 seconds
[2026-09-30 14:41:34.427662] ** SRAM creation: 37.5 seconds
[2026-09-30 14:41:34.427777] SP: Writing to /media/nisitha/My_Passport/MOODLE/OpenRAM_Project/OpenRAM_Memory_Design/cache/sram/l1d_tag_array/l1d_tag_array.sp
[2026-09-30 14:41:34.444006] [openram.characterizer.functional/__init__]: Random seed for functional simulation: 1790759494443694432
[2026-09-30 14:41:34.464144] ** Spice writing: 0.0 seconds
[2026-09-30 14:41:34.464292] DELAY: Writing stimulus...
[2026-09-30 14:41:34.550668] [openram.characterizer.delay/create_sen_and_bitline_path_measures]: self.bl_name = xl1d_tag_array.xbank0.bl_1_21
[2026-09-30 14:41:34.552924] ** DELAY: 0.1 seconds
[2026-09-30 14:41:34.566744] GDS: Writing to /media/nisitha/My_Passport/MOODLE/OpenRAM_Project/OpenRAM_Memory_Design/cache/sram/l1d_tag_array/l1d_tag_array.gds
[2026-09-30 14:41:34.625352] ** GDS: 0.1 seconds
[2026-09-30 14:41:34.625566] LEF: Writing to /media/nisitha/My_Passport/MOODLE/OpenRAM_Project/OpenRAM_Memory_Design/cache/sram/l1d_tag_array/l1d_tag_array.lef
[2026-09-30 14:41:34.635826] ** LEF: 0.0 seconds
[2026-09-30 14:41:34.636014] LVS: Writing to /media/nisitha/My_Passport/MOODLE/OpenRAM_Project/OpenRAM_Memory_Design/cache/sram/l1d_tag_array/l1d_tag_array.lvs.sp
[2026-09-30 14:41:34.654795] ** LVS writing: 0.0 seconds
[2026-09-30 14:41:34.654931] LIB: Characterizing... 
[2026-09-30 14:41:34.655688] [openram.characterizer.lib/prepare_tables]: Slews: [0.0125 0.05   0.4   ]
[2026-09-30 14:41:34.656194] [openram.characterizer.lib/prepare_tables]: Loads: [ 2.45605  9.8242  39.2968 ]
[2026-09-30 14:41:34.656621] [openram.characterizer.lib/prepare_tables]: self.load_slews : [(np.float64(2.45605), np.float64(0.0125)), (np.float64(9.8242), np.float64(0.0125)), (np.float64(39.2968), np.float64(0.0125)), (np.float64(2.45605), np.float64(0.05)), (np.float64(9.8242), np.float64(0.05)), (np.float64(39.2968), np.float64(0.05)), (np.float64(2.45605), np.float64(0.4)), (np.float64(9.8242), np.float64(0.4)), (np.float64(39.2968), np.float64(0.4))]
[2026-09-30 14:41:34.657070] [openram.characterizer.lib/characterize_corners]: Characterizing corners: [('TT', 5.0, 25)]
[2026-09-30 14:41:34.657459] [openram.characterizer.lib/characterize_corners]: Corner: ('TT', 5.0, 25)
[2026-09-30 14:41:34.658008] [openram.characterizer.lib/characterize_corners]: Writing to /media/nisitha/My_Passport/MOODLE/OpenRAM_Project/OpenRAM_Memory_Design/cache/sram/l1d_tag_array/l1d_tag_array_TT_5p0V_25C.lib
[2026-09-30 14:41:34.658616] WARNING: file elmore.py: line 45: In analytical mode, all ports have the timing of the first read port.

[2026-09-30 14:41:34.740176] [openram.characterizer.elmore/analytical_power]: Dynamic Power: 14.8811842382 mW
[2026-09-30 14:41:34.741447] [openram.characterizer.elmore/analytical_power]: Leakage Power: 0.00069 mW
[2026-09-30 14:41:34.741937] [openram.characterizer.elmore/get_lib_values]: Slew, Load, Delay(ns), Slew(ns)
[2026-09-30 14:41:34.742667] [openram.characterizer.elmore/get_lib_values]: 0.0125, 2.45605, 1.5326982002344782, 0.006179820369407407
[2026-09-30 14:41:34.743247] [openram.characterizer.elmore/get_lib_values]: 0.0125, 9.8242, 1.5507471113167006, 0.00798471147762963
[2026-09-30 14:41:34.743814] [openram.characterizer.elmore/get_lib_values]: 0.0125, 39.2968, 1.6229427556455893, 0.015204275910518518
[2026-09-30 14:41:34.744350] [openram.characterizer.elmore/get_lib_values]: 0.05, 2.45605, 1.5326982002344782, 0.006179820369407407
[2026-09-30 14:41:34.744913] [openram.characterizer.elmore/get_lib_values]: 0.05, 9.8242, 1.5507471113167006, 0.00798471147762963
[2026-09-30 14:41:34.745442] [openram.characterizer.elmore/get_lib_values]: 0.05, 39.2968, 1.6229427556455893, 0.015204275910518518
[2026-09-30 14:41:34.746002] [openram.characterizer.elmore/get_lib_values]: 0.4, 2.45605, 1.5326982002344782, 0.006179820369407407
[2026-09-30 14:41:34.746554] [openram.characterizer.elmore/get_lib_values]: 0.4, 9.8242, 1.5507471113167006, 0.00798471147762963
[2026-09-30 14:41:34.747116] [openram.characterizer.elmore/get_lib_values]: 0.4, 39.2968, 1.6229427556455893, 0.015204275910518518
[2026-09-30 14:41:34.751262] ** Characterization: 0.1 seconds
[2026-09-30 14:41:34.752092] Config: Writing to /media/nisitha/My_Passport/MOODLE/OpenRAM_Project/OpenRAM_Memory_Design/cache/sram/l1d_tag_array/l1d_tag_array.py
[2026-09-30 14:41:34.752301] ** Config: 0.0 seconds
[2026-09-30 14:41:34.753368] Datasheet: Writing to /media/nisitha/My_Passport/MOODLE/OpenRAM_Project/OpenRAM_Memory_Design/cache/sram/l1d_tag_array/l1d_tag_array.html
[2026-09-30 14:41:34.755442] ** Datasheet: 0.0 seconds
[2026-09-30 14:41:34.755645] Verilog: Writing to /media/nisitha/My_Passport/MOODLE/OpenRAM_Project/OpenRAM_Memory_Design/cache/sram/l1d_tag_array/l1d_tag_array.v
[2026-09-30 14:41:34.756198] ** Verilog: 0.0 seconds
[2026-09-30 14:41:34.756806] [openram.globals/purge_temp]: Purging temp directory: /tmp/openram_nisitha_232774_temp/
[2026-09-30 14:41:34.760761] [openram.verify.magic/print_drc_stats]: DRC runs: 1
[2026-09-30 14:41:34.761029] [openram.verify.magic/print_lvs_stats]: LVS runs: 1
[2026-09-30 14:41:34.761228] [openram.verify.magic/print_pex_stats]: PEX runs: 0
[2026-09-30 14:41:34.761327] ** End: 37.8 seconds
