[2026-09-30 12:36:15.239551] [openram.globals/init_openram]: Initializing OpenRAM...
[2026-09-30 12:36:15.239710] [openram.globals/setup_paths]: OpenRAM source code found in /home/nisitha/OpenRAM/compiler
[2026-09-30 12:36:15.239867] [openram.globals/setup_paths]: Temporary files saved in /tmp/openram_nisitha_134157_temp/
[2026-09-30 12:36:15.240077] [openram.globals/read_config]: Configuration file is /media/nisitha/My_Passport/MOODLE/OpenRAM_Project/OpenRAM_Memory_Design/basic_config.py
[2026-09-30 12:36:15.241026] [openram.globals/read_config]: Output saved in /media/nisitha/My_Passport/MOODLE/OpenRAM_Project/OpenRAM_Memory_Design/runs/sram_32x256/
[2026-09-30 12:36:15.241433] [openram.globals/import_tech]: Tech directory found in /home/nisitha/OpenRAM/technology:/home/nisitha/OpenRAM/compiler/../technology
[2026-09-30 12:36:15.241697] [openram.globals/import_tech]: Adding technology path: /home/nisitha/OpenRAM/technology
[2026-09-30 12:36:15.241915] [openram.globals/import_tech]: Adding technology path: /home/nisitha/OpenRAM/compiler/../technology
[2026-09-30 12:36:15.243815] [openram.globals/init_paths]: Creating temp directory: /tmp/openram_nisitha_134157_temp/
[2026-09-30 12:36:15.390510] [openram.globals/setup_bitcell]: Using bitcell: bitcell_1port
[2026-09-30 12:36:16.411790] [openram.characterizer/<module>]: Initializing characterizer...
[2026-09-30 12:36:16.419005] [openram.characterizer/<module>]: Analytical model enabled.
[2026-09-30 12:36:16.427798] [openram.verify/<module>]: Initializing verify...
[2026-09-30 12:36:16.434786] [openram.verify/<module>]: Finding DRC/LVS/PEX tools.
[2026-09-30 12:36:16.442048] [openram.globals/get_tool]: Using DRC: /nix/store/1zcyq032zc3mzhmgs2j3q2rmfrjj5v6b-magic-vlsi-8.3.629/bin/magic
[2026-09-30 12:36:16.449275] [openram.globals/get_tool]: Using LVS: /nix/store/h3crgmx1w7h86qjpr131igi7p576mp3x-netgen-1.5.318/bin/netgen
[2026-09-30 12:36:16.456262] [openram.globals/get_tool]: Using PEX: /nix/store/1zcyq032zc3mzhmgs2j3q2rmfrjj5v6b-magic-vlsi-8.3.629/bin/magic
[2026-09-30 12:36:16.458049] [openram.globals/setup_bitcell]: Using bitcell: bitcell_1port
[2026-09-30 12:36:16.458225] |==============================================================================|
[2026-09-30 12:36:16.458330] |=========                      OpenRAM v1.2.49                       =========|
[2026-09-30 12:36:16.458432] |=========                                                            =========|
[2026-09-30 12:36:16.458531] |=========               VLSI Design and Automation Lab               =========|
[2026-09-30 12:36:16.458763] |=========        Computer Science and Engineering Department         =========|
[2026-09-30 12:36:16.458960] |=========            University of California Santa Cruz             =========|
[2026-09-30 12:36:16.459257] |=========                                                            =========|
[2026-09-30 12:36:16.459431] |=========          Usage help: openram-user-group@ucsc.edu           =========|
[2026-09-30 12:36:16.459589] |=========        Development help: openram-dev-group@ucsc.edu        =========|
[2026-09-30 12:36:16.459752] |=========                See LICENSE for license info                =========|
[2026-09-30 12:36:16.459900] |==============================================================================|
[2026-09-30 12:36:16.460061] ** Start: 09/30/2026 12:36:16
[2026-09-30 12:36:16.460214] Technology: scn4m_subm
[2026-09-30 12:36:16.460367] Total size: 8192 bits
[2026-09-30 12:36:16.460518] Word size: 32
Words: 256
Banks: 1
[2026-09-30 12:36:16.460710] RW ports: 1
R-only ports: 0
W-only ports: 0
[2026-09-30 12:36:16.460869] DRC/LVS/PEX is only run on the top-level design to save run-time (inline_lvsdrc=True to do inline checking).
[2026-09-30 12:36:16.461002] Characterization is disabled (using analytical delay models) (analytical_delay=False to simulate).
[2026-09-30 12:36:16.461104] Only generating nominal corner timing.
[2026-09-30 12:36:16.461200] Words per row: None
[2026-09-30 12:36:16.461299] Output files are: 
[2026-09-30 12:36:16.461393] /media/nisitha/My_Passport/MOODLE/OpenRAM_Project/OpenRAM_Memory_Design/runs/sram_32x256/sram_32x256.lvs
[2026-09-30 12:36:16.461520] /media/nisitha/My_Passport/MOODLE/OpenRAM_Project/OpenRAM_Memory_Design/runs/sram_32x256/sram_32x256.sp
[2026-09-30 12:36:16.461611] /media/nisitha/My_Passport/MOODLE/OpenRAM_Project/OpenRAM_Memory_Design/runs/sram_32x256/sram_32x256.v
[2026-09-30 12:36:16.461716] /media/nisitha/My_Passport/MOODLE/OpenRAM_Project/OpenRAM_Memory_Design/runs/sram_32x256/sram_32x256.lib
[2026-09-30 12:36:16.461813] /media/nisitha/My_Passport/MOODLE/OpenRAM_Project/OpenRAM_Memory_Design/runs/sram_32x256/sram_32x256.py
[2026-09-30 12:36:16.461907] /media/nisitha/My_Passport/MOODLE/OpenRAM_Project/OpenRAM_Memory_Design/runs/sram_32x256/sram_32x256.html
[2026-09-30 12:36:16.462005] /media/nisitha/My_Passport/MOODLE/OpenRAM_Project/OpenRAM_Memory_Design/runs/sram_32x256/sram_32x256.log
[2026-09-30 12:36:16.462102] /media/nisitha/My_Passport/MOODLE/OpenRAM_Project/OpenRAM_Memory_Design/runs/sram_32x256/sram_32x256.lef
[2026-09-30 12:36:16.462200] /media/nisitha/My_Passport/MOODLE/OpenRAM_Project/OpenRAM_Memory_Design/runs/sram_32x256/sram_32x256.gds
[2026-09-30 12:36:16.471149] [openram.sram_config/recompute_sizes]: Recomputing with words per row: 4
[2026-09-30 12:36:16.471609] [openram.sram_config/recompute_sizes]: Rows: 64 Cols: 128
[2026-09-30 12:36:16.471919] [openram.sram_config/recompute_sizes]: Row addr size: 6 Col addr size: 2 Bank addr size: 8
[2026-09-30 12:36:16.472158] [openram.sram_config/compute_sizes]: Set SRAM Words Per Row=4
[2026-09-30 12:36:16.483840] [openram.modules.bitcell_base_array/__init__]: Creating sram_32x256_capped_replica_bitcell_array 64 x 128
[2026-09-30 12:36:16.484317] [openram.modules.capped_replica_bitcell_array/__init__]: Creating sram_32x256_capped_replica_bitcell_array 64 x 128 rbls: [1, 0] left_rbl: [0] right_rbl: []
[2026-09-30 12:36:16.485004] [openram.modules.bitcell_base_array/__init__]: Creating sram_32x256_replica_bitcell_array 64 x 128
[2026-09-30 12:36:16.485535] [openram.modules.replica_bitcell_array/__init__]: Creating sram_32x256_replica_bitcell_array 64 x 128 rbls: [1, 0] left_rbl: [0] right_rbl: []
[2026-09-30 12:36:16.486405] [openram.modules.bitcell_base_array/__init__]: Creating sram_32x256_bitcell_array 64 x 128
[2026-09-30 12:36:16.487014] [openram.modules.bitcell_array/__init__]: Creating sram_32x256_bitcell_array 64 x 128
[2026-09-30 12:36:38.041079] [openram.modules.bitcell_base_array/__init__]: Creating sram_32x256_replica_column 65 x 1
[2026-09-30 12:36:38.065494] [openram.modules.bitcell_base_array/__init__]: Creating sram_32x256_dummy_array 1 x 128
[2026-09-30 12:36:38.625411] [openram.modules.bitcell_base_array/__init__]: Creating sram_32x256_dummy_array_0 1 x 129
[2026-09-30 12:36:38.669008] [openram.modules.bitcell_base_array/__init__]: Creating sram_32x256_dummy_array_1 1 x 129
[2026-09-30 12:36:38.712121] [openram.modules.bitcell_base_array/__init__]: Creating sram_32x256_dummy_array_2 67 x 1
[2026-09-30 12:36:38.729878] [openram.modules.bitcell_base_array/__init__]: Creating sram_32x256_dummy_array_3 67 x 1
[2026-09-30 12:36:38.955050] [openram.modules.and2_dec/__init__]: Creating and2_dec and2_dec
[2026-09-30 12:36:38.963164] [openram.modules.and3_dec/__init__]: Creating and3_dec and3_dec
[2026-09-30 12:36:38.979749] [openram.modules.and4_dec/__init__]: Creating and4_dec and4_dec
[2026-09-30 12:36:39.056454] [openram.modules.wordline_driver_array/__init__]: Creating sram_32x256_wordline_driver_array
[2026-09-30 12:36:39.057287] [openram.modules.wordline_driver/__init__]: Creating wordline_driver wordline_driver
[2026-09-30 12:36:39.094022] [openram.modules.and2_dec/__init__]: Creating and2_dec and2_dec_0
[2026-09-30 12:36:39.117316] [openram.modules.precharge_array/__init__]: Creating sram_32x256_precharge_array
[2026-09-30 12:36:39.165327] [openram.modules.sense_amp_array/__init__]: Creating sram_32x256_sense_amp_array
[2026-09-30 12:36:39.185010] [openram.modules.column_mux_array/__init__]: Creating sram_32x256_column_mux_array
[2026-09-30 12:36:39.274634] [openram.modules.write_driver_array/__init__]: Creating sram_32x256_write_driver_array
[2026-09-30 12:36:39.387490] [openram.modules.pand2/__init__]: Creating pand2 pand2
[2026-09-30 12:36:39.390048] [openram.modules.pdriver/__init__]: creating pdriver pdriver
[2026-09-30 12:36:39.463549] [openram.modules.dff_array/__init__]: Creating sram_32x256_row_addr_dff rows=6 cols=1
[2026-09-30 12:36:39.466718] [openram.modules.dff_array/__init__]: Creating sram_32x256_col_addr_dff rows=1 cols=2
[2026-09-30 12:36:39.467982] [openram.modules.dff_array/__init__]: Creating sram_32x256_data_dff rows=1 cols=32
[2026-09-30 12:36:39.478161] [openram.modules.control_logic_base/__init__]: Creating control_logic_rw
[2026-09-30 12:36:39.478838] [openram.modules.dff_buf/__init__]: Creating sram_32x256_dff_buf
[2026-09-30 12:36:39.483879] [openram.modules.dff_buf_array/__init__]: Creating sram_32x256_dff_buf_array
[2026-09-30 12:36:39.484469] [openram.modules.dff_buf/__init__]: Creating sram_32x256_dff_buf_0
[2026-09-30 12:36:39.487616] [openram.modules.pand2/__init__]: Creating pand2 pand2_0
[2026-09-30 12:36:39.488265] [openram.modules.pdriver/__init__]: creating pdriver pdriver_0
[2026-09-30 12:36:39.492033] [openram.modules.pbuf/__init__]: creating pbuf with size of 128
[2026-09-30 12:36:39.504435] [openram.modules.pdriver/__init__]: creating pdriver pdriver_1
[2026-09-30 12:36:39.519935] [openram.modules.pdriver/__init__]: creating pdriver pdriver_2
[2026-09-30 12:36:39.525999] [openram.modules.pand3/__init__]: Creating pand3 pand3
[2026-09-30 12:36:39.528518] [openram.modules.pdriver/__init__]: creating pdriver pdriver_3
[2026-09-30 12:36:39.533505] [openram.modules.pand3/__init__]: Creating pand3 pand3_0
[2026-09-30 12:36:39.534185] [openram.modules.pdriver/__init__]: creating pdriver pdriver_4
[2026-09-30 12:36:39.537089] [openram.modules.pdriver/__init__]: creating pdriver pdriver_5
[2026-09-30 12:36:39.549355] [openram.modules.delay_chain/__init__]: creating delay chain [4, 4, 4, 4, 4, 4, 4, 4, 4]
[2026-09-30 12:36:39.573403] ** Submodules: 23.1 seconds
[2026-09-30 12:36:39.591622] ** Placement: 0.0 seconds
[2026-09-30 12:37:01.954330] [openram.base.hierarchy_layout/get_bbox]: Size: 1165.5 x 884.6 with perimeter margin 0
[2026-09-30 12:37:02.012296] [openram.router.router_tech/__init__]: Minimum track width: 2.400
[2026-09-30 12:37:02.012934] [openram.router.router_tech/__init__]: Minimum track space: 1.200
[2026-09-30 12:37:02.013454] [openram.router.router_tech/__init__]: Minimum track wire width: 1.200
[2026-09-30 12:37:02.013879] [openram.router.signal_escape_router/route]: Running signal escape router...
[2026-09-30 12:37:17.931705] [openram.router.router_tech/__init__]: Minimum track width: 2.400
[2026-09-30 12:37:17.932790] [openram.router.router_tech/__init__]: Minimum track space: 1.200
[2026-09-30 12:37:17.933220] [openram.router.router_tech/__init__]: Minimum track wire width: 1.200
[2026-09-30 12:37:17.933704] [openram.router.supply_router/route]: Running router for vdd and gnd...
[2026-09-30 12:43:35.295032] ** Routing: 415.7 seconds
[2026-09-30 12:44:05.658790] [openram.verify.run_script/run_script]: Still running /tmp/openram_nisitha_134157_temp/run_ext.sh (30 seconds)
[2026-09-30 12:44:42.667600] [openram.verify.magic/run_drc]: DRC Errors sram_32x256	0
[2026-09-30 12:44:45.684862] [openram.verify.magic/run_lvs]: sram_32x256	LVS matches
[2026-09-30 12:44:45.685511] ** Verification: 70.4 seconds
[2026-09-30 12:44:45.685628] ** SRAM creation: 509.2 seconds
[2026-09-30 12:44:45.685738] SP: Writing to /media/nisitha/My_Passport/MOODLE/OpenRAM_Project/OpenRAM_Memory_Design/runs/sram_32x256/sram_32x256.sp
[2026-09-30 12:44:45.780707] [openram.characterizer.functional/__init__]: Random seed for functional simulation: 1790752485780405075
[2026-09-30 12:44:45.821299] ** Spice writing: 0.1 seconds
[2026-09-30 12:44:45.821422] DELAY: Writing stimulus...
[2026-09-30 12:44:46.197689] [openram.characterizer.delay/create_sen_and_bitline_path_measures]: self.bl_name = xsram_32x256.xbank0.bl_0_127
[2026-09-30 12:44:46.200479] ** DELAY: 0.4 seconds
[2026-09-30 12:44:46.288788] GDS: Writing to /media/nisitha/My_Passport/MOODLE/OpenRAM_Project/OpenRAM_Memory_Design/runs/sram_32x256/sram_32x256.gds
[2026-09-30 12:44:46.589962] ** GDS: 0.3 seconds
[2026-09-30 12:44:46.590095] LEF: Writing to /media/nisitha/My_Passport/MOODLE/OpenRAM_Project/OpenRAM_Memory_Design/runs/sram_32x256/sram_32x256.lef
[2026-09-30 12:44:46.598952] ** LEF: 0.0 seconds
[2026-09-30 12:44:46.599077] LVS: Writing to /media/nisitha/My_Passport/MOODLE/OpenRAM_Project/OpenRAM_Memory_Design/runs/sram_32x256/sram_32x256.lvs.sp
[2026-09-30 12:44:46.689405] ** LVS writing: 0.1 seconds
[2026-09-30 12:44:46.689552] LIB: Characterizing... 
[2026-09-30 12:44:46.690284] [openram.characterizer.lib/prepare_tables]: Slews: [0.0125 0.05   0.4   ]
[2026-09-30 12:44:46.690808] [openram.characterizer.lib/prepare_tables]: Loads: [ 2.45605  9.8242  39.2968 ]
[2026-09-30 12:44:46.691226] [openram.characterizer.lib/prepare_tables]: self.load_slews : [(np.float64(2.45605), np.float64(0.0125)), (np.float64(9.8242), np.float64(0.0125)), (np.float64(39.2968), np.float64(0.0125)), (np.float64(2.45605), np.float64(0.05)), (np.float64(9.8242), np.float64(0.05)), (np.float64(39.2968), np.float64(0.05)), (np.float64(2.45605), np.float64(0.4)), (np.float64(9.8242), np.float64(0.4)), (np.float64(39.2968), np.float64(0.4))]
[2026-09-30 12:44:46.691592] [openram.characterizer.lib/characterize_corners]: Characterizing corners: [('TT', 5.0, 25)]
[2026-09-30 12:44:46.691915] [openram.characterizer.lib/characterize_corners]: Corner: ('TT', 5.0, 25)
[2026-09-30 12:44:46.692852] [openram.characterizer.lib/characterize_corners]: Writing to /media/nisitha/My_Passport/MOODLE/OpenRAM_Project/OpenRAM_Memory_Design/runs/sram_32x256/sram_32x256_TT_5p0V_25C.lib
[2026-09-30 12:44:47.031662] [openram.characterizer.elmore/analytical_power]: Dynamic Power: 25.366431027200004 mW
[2026-09-30 12:44:47.032948] [openram.characterizer.elmore/analytical_power]: Leakage Power: 0.008606 mW
[2026-09-30 12:44:47.033433] [openram.characterizer.elmore/get_lib_values]: Slew, Load, Delay(ns), Slew(ns)
[2026-09-30 12:44:47.034066] [openram.characterizer.elmore/get_lib_values]: 0.0125, 2.45605, 2.0043808797258205, 0.006179820369407407
[2026-09-30 12:44:47.034641] [openram.characterizer.elmore/get_lib_values]: 0.0125, 9.8242, 2.0224297908080424, 0.00798471147762963
[2026-09-30 12:44:47.035197] [openram.characterizer.elmore/get_lib_values]: 0.0125, 39.2968, 2.094625435136931, 0.015204275910518518
[2026-09-30 12:44:47.035710] [openram.characterizer.elmore/get_lib_values]: 0.05, 2.45605, 2.0043808797258205, 0.006179820369407407
[2026-09-30 12:44:47.036220] [openram.characterizer.elmore/get_lib_values]: 0.05, 9.8242, 2.0224297908080424, 0.00798471147762963
[2026-09-30 12:44:47.036768] [openram.characterizer.elmore/get_lib_values]: 0.05, 39.2968, 2.094625435136931, 0.015204275910518518
[2026-09-30 12:44:47.037275] [openram.characterizer.elmore/get_lib_values]: 0.4, 2.45605, 2.0043808797258205, 0.006179820369407407
[2026-09-30 12:44:47.037782] [openram.characterizer.elmore/get_lib_values]: 0.4, 9.8242, 2.0224297908080424, 0.00798471147762963
[2026-09-30 12:44:47.038311] [openram.characterizer.elmore/get_lib_values]: 0.4, 39.2968, 2.094625435136931, 0.015204275910518518
[2026-09-30 12:44:47.043225] ** Characterization: 0.4 seconds
[2026-09-30 12:44:47.043687] Config: Writing to /media/nisitha/My_Passport/MOODLE/OpenRAM_Project/OpenRAM_Memory_Design/runs/sram_32x256/sram_32x256.py
[2026-09-30 12:44:47.043786] ** Config: 0.0 seconds
[2026-09-30 12:44:47.086304] Datasheet: Writing to /media/nisitha/My_Passport/MOODLE/OpenRAM_Project/OpenRAM_Memory_Design/runs/sram_32x256/sram_32x256.html
[2026-09-30 12:44:47.090843] ** Datasheet: 0.0 seconds
[2026-09-30 12:44:47.091415] Verilog: Writing to /media/nisitha/My_Passport/MOODLE/OpenRAM_Project/OpenRAM_Memory_Design/runs/sram_32x256/sram_32x256.v
[2026-09-30 12:44:47.092160] ** Verilog: 0.0 seconds
[2026-09-30 12:44:47.093063] [openram.globals/purge_temp]: Purging temp directory: /tmp/openram_nisitha_134157_temp/
[2026-09-30 12:44:47.104664] [openram.verify.magic/print_drc_stats]: DRC runs: 1
[2026-09-30 12:44:47.105143] [openram.verify.magic/print_lvs_stats]: LVS runs: 1
[2026-09-30 12:44:47.105407] [openram.verify.magic/print_pex_stats]: PEX runs: 0
[2026-09-30 12:44:47.105521] ** End: 510.6 seconds
