[2026-09-30 14:54:45.632702] [openram.globals/init_openram]: Initializing OpenRAM...
[2026-09-30 14:54:45.632824] [openram.globals/setup_paths]: OpenRAM source code found in /home/nisitha/OpenRAM/compiler
[2026-09-30 14:54:45.632947] [openram.globals/setup_paths]: Temporary files saved in /tmp/openram_nisitha_245362_temp/
[2026-09-30 14:54:45.633127] [openram.globals/read_config]: Configuration file is /media/nisitha/My_Passport/MOODLE/OpenRAM_Project/OpenRAM_Memory_Design/cache/sram/l2_tag_array.py
[2026-09-30 14:54:45.965027] [openram.globals/read_config]: Output saved in /media/nisitha/My_Passport/MOODLE/OpenRAM_Project/OpenRAM_Memory_Design/cache/sram/l2_tag_array/
[2026-09-30 14:54:45.965481] [openram.globals/import_tech]: Tech directory found in /home/nisitha/OpenRAM/technology:/home/nisitha/OpenRAM/compiler/../technology
[2026-09-30 14:54:45.965760] [openram.globals/import_tech]: Adding technology path: /home/nisitha/OpenRAM/technology
[2026-09-30 14:54:45.965977] [openram.globals/import_tech]: Adding technology path: /home/nisitha/OpenRAM/compiler/../technology
[2026-09-30 14:54:45.967977] [openram.globals/init_paths]: Creating temp directory: /tmp/openram_nisitha_245362_temp/
[2026-09-30 14:54:46.102418] [openram.globals/setup_bitcell]: Using bitcell: bitcell_2port
[2026-09-30 14:54:46.876457] [openram.characterizer/<module>]: Initializing characterizer...
[2026-09-30 14:54:46.884099] [openram.characterizer/<module>]: Analytical model enabled.
[2026-09-30 14:54:46.892308] [openram.verify/<module>]: Initializing verify...
[2026-09-30 14:54:46.899661] [openram.verify/<module>]: Finding DRC/LVS/PEX tools.
[2026-09-30 14:54:46.907199] [openram.globals/get_tool]: Using DRC: /nix/store/1zcyq032zc3mzhmgs2j3q2rmfrjj5v6b-magic-vlsi-8.3.629/bin/magic
[2026-09-30 14:54:46.914591] [openram.globals/get_tool]: Using LVS: /nix/store/h3crgmx1w7h86qjpr131igi7p576mp3x-netgen-1.5.318/bin/netgen
[2026-09-30 14:54:46.921984] [openram.globals/get_tool]: Using PEX: /nix/store/1zcyq032zc3mzhmgs2j3q2rmfrjj5v6b-magic-vlsi-8.3.629/bin/magic
[2026-09-30 14:54:46.922786] [openram.globals/setup_bitcell]: Using bitcell: bitcell_2port
[2026-09-30 14:54:46.922948] |==============================================================================|
[2026-09-30 14:54:46.923044] |=========                      OpenRAM v1.2.49                       =========|
[2026-09-30 14:54:46.923126] |=========                                                            =========|
[2026-09-30 14:54:46.923208] |=========               VLSI Design and Automation Lab               =========|
[2026-09-30 14:54:46.923289] |=========        Computer Science and Engineering Department         =========|
[2026-09-30 14:54:46.923369] |=========            University of California Santa Cruz             =========|
[2026-09-30 14:54:46.923448] |=========                                                            =========|
[2026-09-30 14:54:46.923530] |=========          Usage help: openram-user-group@ucsc.edu           =========|
[2026-09-30 14:54:46.923612] |=========        Development help: openram-dev-group@ucsc.edu        =========|
[2026-09-30 14:54:46.923699] |=========                See LICENSE for license info                =========|
[2026-09-30 14:54:46.923781] |==============================================================================|
[2026-09-30 14:54:46.923869] ** Start: 09/30/2026 14:54:46
[2026-09-30 14:54:46.923953] Technology: scn4m_subm
[2026-09-30 14:54:46.924039] Total size: 640 bits
[2026-09-30 14:54:46.924120] Word size: 20
Words: 32
Banks: 1
[2026-09-30 14:54:46.924202] RW ports: 0
R-only ports: 1
W-only ports: 1
[2026-09-30 14:54:46.924282] DRC/LVS/PEX is only run on the top-level design to save run-time (inline_lvsdrc=True to do inline checking).
[2026-09-30 14:54:46.924362] Characterization is disabled (using analytical delay models) (analytical_delay=False to simulate).
[2026-09-30 14:54:46.924442] Only generating nominal corner timing.
[2026-09-30 14:54:46.924521] Words per row: 2
[2026-09-30 14:54:46.924614] Output files are: 
[2026-09-30 14:54:46.924699] /media/nisitha/My_Passport/MOODLE/OpenRAM_Project/OpenRAM_Memory_Design/cache/sram/l2_tag_array/l2_tag_array.lvs
[2026-09-30 14:54:46.924811] /media/nisitha/My_Passport/MOODLE/OpenRAM_Project/OpenRAM_Memory_Design/cache/sram/l2_tag_array/l2_tag_array.sp
[2026-09-30 14:54:46.924890] /media/nisitha/My_Passport/MOODLE/OpenRAM_Project/OpenRAM_Memory_Design/cache/sram/l2_tag_array/l2_tag_array.v
[2026-09-30 14:54:46.924971] /media/nisitha/My_Passport/MOODLE/OpenRAM_Project/OpenRAM_Memory_Design/cache/sram/l2_tag_array/l2_tag_array.lib
[2026-09-30 14:54:46.925051] /media/nisitha/My_Passport/MOODLE/OpenRAM_Project/OpenRAM_Memory_Design/cache/sram/l2_tag_array/l2_tag_array.py
[2026-09-30 14:54:46.925132] /media/nisitha/My_Passport/MOODLE/OpenRAM_Project/OpenRAM_Memory_Design/cache/sram/l2_tag_array/l2_tag_array.html
[2026-09-30 14:54:46.925213] /media/nisitha/My_Passport/MOODLE/OpenRAM_Project/OpenRAM_Memory_Design/cache/sram/l2_tag_array/l2_tag_array.log
[2026-09-30 14:54:46.925295] /media/nisitha/My_Passport/MOODLE/OpenRAM_Project/OpenRAM_Memory_Design/cache/sram/l2_tag_array/l2_tag_array.lef
[2026-09-30 14:54:46.925375] /media/nisitha/My_Passport/MOODLE/OpenRAM_Project/OpenRAM_Memory_Design/cache/sram/l2_tag_array/l2_tag_array.gds
[2026-09-30 14:54:46.934211] [openram.sram_config/recompute_sizes]: Recomputing with words per row: 2
[2026-09-30 14:54:46.934592] [openram.sram_config/recompute_sizes]: Rows: 16 Cols: 40
[2026-09-30 14:54:46.934903] [openram.sram_config/recompute_sizes]: Row addr size: 4 Col addr size: 1 Bank addr size: 5
[2026-09-30 14:54:46.935146] [openram.sram_config/compute_sizes]: Set SRAM Words Per Row=2
[2026-09-30 14:54:46.944283] [openram.modules.bitcell_base_array/__init__]: Creating l2_tag_array_capped_replica_bitcell_array 16 x 40
[2026-09-30 14:54:46.944847] [openram.modules.capped_replica_bitcell_array/__init__]: Creating l2_tag_array_capped_replica_bitcell_array 16 x 40 rbls: [1, 1] left_rbl: [0] right_rbl: [1]
[2026-09-30 14:54:46.945529] [openram.modules.bitcell_base_array/__init__]: Creating l2_tag_array_replica_bitcell_array 16 x 40
[2026-09-30 14:54:46.946075] [openram.modules.replica_bitcell_array/__init__]: Creating l2_tag_array_replica_bitcell_array 16 x 40 rbls: [1, 1] left_rbl: [0] right_rbl: [1]
[2026-09-30 14:54:46.946805] [openram.modules.bitcell_base_array/__init__]: Creating l2_tag_array_bitcell_array 16 x 40
[2026-09-30 14:54:46.947448] [openram.modules.bitcell_array/__init__]: Creating l2_tag_array_bitcell_array 16 x 40
[2026-09-30 14:54:47.198968] [openram.modules.bitcell_base_array/__init__]: Creating l2_tag_array_replica_column 18 x 1
[2026-09-30 14:54:47.212365] [openram.modules.bitcell_base_array/__init__]: Creating l2_tag_array_replica_column_0 18 x 1
[2026-09-30 14:54:47.218047] [openram.modules.bitcell_base_array/__init__]: Creating l2_tag_array_dummy_array 1 x 40
[2026-09-30 14:54:47.275511] [openram.modules.bitcell_base_array/__init__]: Creating l2_tag_array_dummy_array_0 1 x 42
[2026-09-30 14:54:47.292426] [openram.modules.bitcell_base_array/__init__]: Creating l2_tag_array_dummy_array_1 1 x 42
[2026-09-30 14:54:47.307657] [openram.modules.bitcell_base_array/__init__]: Creating l2_tag_array_dummy_array_2 20 x 1
[2026-09-30 14:54:47.313736] [openram.modules.bitcell_base_array/__init__]: Creating l2_tag_array_dummy_array_3 20 x 1
[2026-09-30 14:54:47.402076] [openram.modules.and2_dec/__init__]: Creating and2_dec and2_dec
[2026-09-30 14:54:47.409529] [openram.modules.and3_dec/__init__]: Creating and3_dec and3_dec
[2026-09-30 14:54:47.427463] [openram.modules.and4_dec/__init__]: Creating and4_dec and4_dec
[2026-09-30 14:54:47.463750] [openram.modules.wordline_driver_array/__init__]: Creating l2_tag_array_wordline_driver_array
[2026-09-30 14:54:47.464641] [openram.modules.wordline_driver/__init__]: Creating wordline_driver wordline_driver
[2026-09-30 14:54:47.518921] [openram.modules.and2_dec/__init__]: Creating and2_dec and2_dec_0
[2026-09-30 14:54:47.535609] [openram.modules.precharge_array/__init__]: Creating l2_tag_array_precharge_array
[2026-09-30 14:54:47.551287] [openram.modules.column_mux_array/__init__]: Creating l2_tag_array_column_mux_array
[2026-09-30 14:54:47.581294] [openram.modules.write_driver_array/__init__]: Creating l2_tag_array_write_driver_array
[2026-09-30 14:54:47.631817] [openram.modules.precharge_array/__init__]: Creating l2_tag_array_precharge_array_0
[2026-09-30 14:54:47.647560] [openram.modules.sense_amp_array/__init__]: Creating l2_tag_array_sense_amp_array
[2026-09-30 14:54:47.662417] [openram.modules.column_mux_array/__init__]: Creating l2_tag_array_column_mux_array_0
[2026-09-30 14:54:47.727685] [openram.modules.pinvbuf/__init__]: creating pinvbuf pinvbuf
[2026-09-30 14:54:47.781559] [openram.modules.dff_array/__init__]: Creating l2_tag_array_row_addr_dff rows=4 cols=1
[2026-09-30 14:54:47.784131] [openram.modules.dff_array/__init__]: Creating l2_tag_array_col_addr_dff rows=1 cols=1
[2026-09-30 14:54:47.785355] [openram.modules.dff_array/__init__]: Creating l2_tag_array_data_dff rows=1 cols=20
[2026-09-30 14:54:47.792246] [openram.modules.control_logic_base/__init__]: Creating control_logic_w
[2026-09-30 14:54:47.792956] [openram.modules.dff_buf/__init__]: Creating l2_tag_array_dff_buf
[2026-09-30 14:54:47.794770] [openram.modules.dff_buf_array/__init__]: Creating l2_tag_array_dff_buf_array
[2026-09-30 14:54:47.795403] [openram.modules.dff_buf/__init__]: Creating l2_tag_array_dff_buf_0
[2026-09-30 14:54:47.797861] [openram.modules.pand2/__init__]: Creating pand2 pand2
[2026-09-30 14:54:47.800215] [openram.modules.pdriver/__init__]: creating pdriver pdriver
[2026-09-30 14:54:47.804363] [openram.modules.pbuf/__init__]: creating pbuf with size of 40
[2026-09-30 14:54:47.810916] [openram.modules.pdriver/__init__]: creating pdriver pdriver_0
[2026-09-30 14:54:47.823633] [openram.modules.pdriver/__init__]: creating pdriver pdriver_1
[2026-09-30 14:54:47.825159] [openram.modules.pand3/__init__]: Creating pand3 pand3
[2026-09-30 14:54:47.827757] [openram.modules.pdriver/__init__]: creating pdriver pdriver_2
[2026-09-30 14:54:47.832394] [openram.modules.pand3/__init__]: Creating pand3 pand3_0
[2026-09-30 14:54:47.833293] [openram.modules.pdriver/__init__]: creating pdriver pdriver_3
[2026-09-30 14:54:47.837424] [openram.modules.pdriver/__init__]: creating pdriver pdriver_4
[2026-09-30 14:54:47.844201] [openram.modules.delay_chain/__init__]: creating delay chain [4, 4, 4, 4, 4, 4, 4, 4, 4]
[2026-09-30 14:54:47.867861] [openram.modules.control_logic_base/__init__]: Creating control_logic_r
[2026-09-30 14:54:47.876632] ** Submodules: 0.9 seconds
[2026-09-30 14:54:47.887813] ** Placement: 0.0 seconds
[2026-09-30 14:54:52.331028] [openram.base.hierarchy_layout/get_bbox]: Size: 918.8000000000001 x 529.2 with perimeter margin 0
[2026-09-30 14:54:52.344826] [openram.router.router_tech/__init__]: Minimum track width: 2.400
[2026-09-30 14:54:52.345397] [openram.router.router_tech/__init__]: Minimum track space: 1.200
[2026-09-30 14:54:52.345932] [openram.router.router_tech/__init__]: Minimum track wire width: 1.200
[2026-09-30 14:54:52.346354] [openram.router.signal_escape_router/route]: Running signal escape router...
[2026-09-30 14:54:55.378736] [openram.router.router_tech/__init__]: Minimum track width: 2.400
[2026-09-30 14:54:55.379581] [openram.router.router_tech/__init__]: Minimum track space: 1.200
[2026-09-30 14:54:55.380036] [openram.router.router_tech/__init__]: Minimum track wire width: 1.200
[2026-09-30 14:54:55.380405] [openram.router.supply_router/route]: Running router for vdd and gnd...
[2026-09-30 14:55:46.829701] ** Routing: 58.9 seconds
[2026-09-30 14:55:59.928896] [openram.verify.magic/run_drc]: DRC Errors l2_tag_array	0
[2026-09-30 14:56:00.935544] [openram.verify.magic/run_lvs]: l2_tag_array	LVS matches
[2026-09-30 14:56:00.936543] ** Verification: 14.1 seconds
[2026-09-30 14:56:00.936989] ** SRAM creation: 74.0 seconds
[2026-09-30 14:56:00.937667] SP: Writing to /media/nisitha/My_Passport/MOODLE/OpenRAM_Project/OpenRAM_Memory_Design/cache/sram/l2_tag_array/l2_tag_array.sp
[2026-09-30 14:56:00.961728] [openram.characterizer.functional/__init__]: Random seed for functional simulation: 1790760360961368242
[2026-09-30 14:56:01.005094] ** Spice writing: 0.1 seconds
[2026-09-30 14:56:01.005313] DELAY: Writing stimulus...
[2026-09-30 14:56:01.133079] [openram.characterizer.delay/create_sen_and_bitline_path_measures]: self.bl_name = xl2_tag_array.xbank0.bl_1_39
[2026-09-30 14:56:01.137524] ** DELAY: 0.1 seconds
[2026-09-30 14:56:01.158791] GDS: Writing to /media/nisitha/My_Passport/MOODLE/OpenRAM_Project/OpenRAM_Memory_Design/cache/sram/l2_tag_array/l2_tag_array.gds
[2026-09-30 14:56:01.237381] ** GDS: 0.1 seconds
[2026-09-30 14:56:01.237547] LEF: Writing to /media/nisitha/My_Passport/MOODLE/OpenRAM_Project/OpenRAM_Memory_Design/cache/sram/l2_tag_array/l2_tag_array.lef
[2026-09-30 14:56:01.244973] ** LEF: 0.0 seconds
[2026-09-30 14:56:01.245111] LVS: Writing to /media/nisitha/My_Passport/MOODLE/OpenRAM_Project/OpenRAM_Memory_Design/cache/sram/l2_tag_array/l2_tag_array.lvs.sp
[2026-09-30 14:56:01.269958] ** LVS writing: 0.0 seconds
[2026-09-30 14:56:01.270149] LIB: Characterizing... 
[2026-09-30 14:56:01.271198] [openram.characterizer.lib/prepare_tables]: Slews: [0.0125 0.05   0.4   ]
[2026-09-30 14:56:01.272009] [openram.characterizer.lib/prepare_tables]: Loads: [ 2.45605  9.8242  39.2968 ]
[2026-09-30 14:56:01.272536] [openram.characterizer.lib/prepare_tables]: self.load_slews : [(np.float64(2.45605), np.float64(0.0125)), (np.float64(9.8242), np.float64(0.0125)), (np.float64(39.2968), np.float64(0.0125)), (np.float64(2.45605), np.float64(0.05)), (np.float64(9.8242), np.float64(0.05)), (np.float64(39.2968), np.float64(0.05)), (np.float64(2.45605), np.float64(0.4)), (np.float64(9.8242), np.float64(0.4)), (np.float64(39.2968), np.float64(0.4))]
[2026-09-30 14:56:01.272986] [openram.characterizer.lib/characterize_corners]: Characterizing corners: [('TT', 5.0, 25)]
[2026-09-30 14:56:01.273395] [openram.characterizer.lib/characterize_corners]: Corner: ('TT', 5.0, 25)
[2026-09-30 14:56:01.273956] [openram.characterizer.lib/characterize_corners]: Writing to /media/nisitha/My_Passport/MOODLE/OpenRAM_Project/OpenRAM_Memory_Design/cache/sram/l2_tag_array/l2_tag_array_TT_5p0V_25C.lib
[2026-09-30 14:56:01.274696] WARNING: file elmore.py: line 45: In analytical mode, all ports have the timing of the first read port.

[2026-09-30 14:56:01.385850] [openram.characterizer.elmore/analytical_power]: Dynamic Power: 15.869084101599999 mW
[2026-09-30 14:56:01.387050] [openram.characterizer.elmore/analytical_power]: Leakage Power: 0.000987 mW
[2026-09-30 14:56:01.387697] [openram.characterizer.elmore/get_lib_values]: Slew, Load, Delay(ns), Slew(ns)
[2026-09-30 14:56:01.388438] [openram.characterizer.elmore/get_lib_values]: 0.0125, 2.45605, 1.6203103876538854, 0.006179820369407407
[2026-09-30 14:56:01.389316] [openram.characterizer.elmore/get_lib_values]: 0.0125, 9.8242, 1.6383592987361075, 0.00798471147762963
[2026-09-30 14:56:01.390144] [openram.characterizer.elmore/get_lib_values]: 0.0125, 39.2968, 1.7105549430649964, 0.015204275910518518
[2026-09-30 14:56:01.390829] [openram.characterizer.elmore/get_lib_values]: 0.05, 2.45605, 1.6203103876538854, 0.006179820369407407
[2026-09-30 14:56:01.391429] [openram.characterizer.elmore/get_lib_values]: 0.05, 9.8242, 1.6383592987361075, 0.00798471147762963
[2026-09-30 14:56:01.392041] [openram.characterizer.elmore/get_lib_values]: 0.05, 39.2968, 1.7105549430649964, 0.015204275910518518
[2026-09-30 14:56:01.392649] [openram.characterizer.elmore/get_lib_values]: 0.4, 2.45605, 1.6203103876538854, 0.006179820369407407
[2026-09-30 14:56:01.393253] [openram.characterizer.elmore/get_lib_values]: 0.4, 9.8242, 1.6383592987361075, 0.00798471147762963
[2026-09-30 14:56:01.393832] [openram.characterizer.elmore/get_lib_values]: 0.4, 39.2968, 1.7105549430649964, 0.015204275910518518
[2026-09-30 14:56:01.397688] ** Characterization: 0.1 seconds
[2026-09-30 14:56:01.398379] Config: Writing to /media/nisitha/My_Passport/MOODLE/OpenRAM_Project/OpenRAM_Memory_Design/cache/sram/l2_tag_array/l2_tag_array.py
[2026-09-30 14:56:01.398516] ** Config: 0.0 seconds
[2026-09-30 14:56:01.399263] Datasheet: Writing to /media/nisitha/My_Passport/MOODLE/OpenRAM_Project/OpenRAM_Memory_Design/cache/sram/l2_tag_array/l2_tag_array.html
[2026-09-30 14:56:01.400531] ** Datasheet: 0.0 seconds
[2026-09-30 14:56:01.400654] Verilog: Writing to /media/nisitha/My_Passport/MOODLE/OpenRAM_Project/OpenRAM_Memory_Design/cache/sram/l2_tag_array/l2_tag_array.v
[2026-09-30 14:56:01.401014] ** Verilog: 0.0 seconds
[2026-09-30 14:56:01.401443] [openram.globals/purge_temp]: Purging temp directory: /tmp/openram_nisitha_245362_temp/
[2026-09-30 14:56:01.405500] [openram.verify.magic/print_drc_stats]: DRC runs: 1
[2026-09-30 14:56:01.405830] [openram.verify.magic/print_lvs_stats]: LVS runs: 1
[2026-09-30 14:56:01.406030] [openram.verify.magic/print_pex_stats]: PEX runs: 0
[2026-09-30 14:56:01.406133] ** End: 74.5 seconds
