[2026-10-07 05:46:28.445380] [openram.globals/init_openram]: Initializing OpenRAM...
[2026-10-07 05:46:28.445497] [openram.globals/setup_paths]: OpenRAM source code found in /home/nisitha/OpenRAM/compiler
[2026-10-07 05:46:28.445612] [openram.globals/setup_paths]: Temporary files saved in /tmp/openram_nisitha_1247698_temp/
[2026-10-07 05:46:28.445775] [openram.globals/read_config]: Configuration file is /media/nisitha/My_Passport/MOODLE/OpenRAM_Project/OpenRAM_Memory_Design/cache/sram_sky130/l1i_tag_array.py
[2026-10-07 05:46:28.447879] [openram.globals/read_config]: Output saved in /media/nisitha/My_Passport/MOODLE/OpenRAM_Project/OpenRAM_Memory_Design/cache/sram_sky130/l1i_tag_array/
[2026-10-07 05:46:28.448328] [openram.globals/import_tech]: Tech directory found in /home/nisitha/OpenRAM/technology:/home/nisitha/OpenRAM/compiler/../technology
[2026-10-07 05:46:28.448721] [openram.globals/import_tech]: Adding technology path: /home/nisitha/OpenRAM/technology
[2026-10-07 05:46:28.448998] [openram.globals/import_tech]: Adding technology path: /home/nisitha/OpenRAM/compiler/../technology
[2026-10-07 05:46:28.450985] [openram.globals/init_paths]: Creating temp directory: /tmp/openram_nisitha_1247698_temp/
[2026-10-07 05:46:28.613963] [openram.globals/setup_bitcell]: Using bitcell: bitcell_2port
[2026-10-07 05:46:29.386744] [openram.characterizer/<module>]: Initializing characterizer...
[2026-10-07 05:46:29.393962] [openram.characterizer/<module>]: Analytical model enabled.
[2026-10-07 05:46:29.401772] [openram.verify/<module>]: Initializing verify...
[2026-10-07 05:46:29.408862] [openram.verify/<module>]: Finding DRC/LVS/PEX tools.
[2026-10-07 05:46:29.416005] [openram.globals/get_tool]: Using DRC: /nix/store/1zcyq032zc3mzhmgs2j3q2rmfrjj5v6b-magic-vlsi-8.3.629/bin/magic
[2026-10-07 05:46:29.423207] [openram.globals/get_tool]: Using LVS: /nix/store/h3crgmx1w7h86qjpr131igi7p576mp3x-netgen-1.5.318/bin/netgen
[2026-10-07 05:46:29.430359] [openram.globals/get_tool]: Using PEX: /nix/store/1zcyq032zc3mzhmgs2j3q2rmfrjj5v6b-magic-vlsi-8.3.629/bin/magic
[2026-10-07 05:46:29.431020] [openram.globals/setup_bitcell]: Using bitcell: bitcell_2port
[2026-10-07 05:46:29.431154] |==============================================================================|
[2026-10-07 05:46:29.431255] |=========                      OpenRAM v1.2.49                       =========|
[2026-10-07 05:46:29.431351] |=========                                                            =========|
[2026-10-07 05:46:29.431449] |=========               VLSI Design and Automation Lab               =========|
[2026-10-07 05:46:29.431693] |=========        Computer Science and Engineering Department         =========|
[2026-10-07 05:46:29.431803] |=========            University of California Santa Cruz             =========|
[2026-10-07 05:46:29.431889] |=========                                                            =========|
[2026-10-07 05:46:29.431970] |=========          Usage help: openram-user-group@ucsc.edu           =========|
[2026-10-07 05:46:29.432046] |=========        Development help: openram-dev-group@ucsc.edu        =========|
[2026-10-07 05:46:29.432132] |=========                See LICENSE for license info                =========|
[2026-10-07 05:46:29.432213] |==============================================================================|
[2026-10-07 05:46:29.432296] ** Start: 10/07/2026 05:46:29
[2026-10-07 05:46:29.432376] Technology: sky130
[2026-10-07 05:46:29.432463] Total size: 320 bits
[2026-10-07 05:46:29.432545] Word size: 10
Words: 32
Banks: 1
[2026-10-07 05:46:29.432623] RW ports: 0
R-only ports: 1
W-only ports: 1
[2026-10-07 05:46:29.432701] DRC/LVS/PEX is only run on the top-level design to save run-time (inline_lvsdrc=True to do inline checking).
[2026-10-07 05:46:29.432779] Characterization is disabled (using analytical delay models) (analytical_delay=False to simulate).
[2026-10-07 05:46:29.432854] Only generating nominal corner timing.
[2026-10-07 05:46:29.432932] Words per row: None
[2026-10-07 05:46:29.433019] Output files are: 
[2026-10-07 05:46:29.433123] /media/nisitha/My_Passport/MOODLE/OpenRAM_Project/OpenRAM_Memory_Design/cache/sram_sky130/l1i_tag_array/l1i_tag_array.lvs
[2026-10-07 05:46:29.433203] /media/nisitha/My_Passport/MOODLE/OpenRAM_Project/OpenRAM_Memory_Design/cache/sram_sky130/l1i_tag_array/l1i_tag_array.sp
[2026-10-07 05:46:29.433279] /media/nisitha/My_Passport/MOODLE/OpenRAM_Project/OpenRAM_Memory_Design/cache/sram_sky130/l1i_tag_array/l1i_tag_array.v
[2026-10-07 05:46:29.433352] /media/nisitha/My_Passport/MOODLE/OpenRAM_Project/OpenRAM_Memory_Design/cache/sram_sky130/l1i_tag_array/l1i_tag_array.lib
[2026-10-07 05:46:29.433427] /media/nisitha/My_Passport/MOODLE/OpenRAM_Project/OpenRAM_Memory_Design/cache/sram_sky130/l1i_tag_array/l1i_tag_array.py
[2026-10-07 05:46:29.433506] /media/nisitha/My_Passport/MOODLE/OpenRAM_Project/OpenRAM_Memory_Design/cache/sram_sky130/l1i_tag_array/l1i_tag_array.html
[2026-10-07 05:46:29.433579] /media/nisitha/My_Passport/MOODLE/OpenRAM_Project/OpenRAM_Memory_Design/cache/sram_sky130/l1i_tag_array/l1i_tag_array.log
[2026-10-07 05:46:29.433653] /media/nisitha/My_Passport/MOODLE/OpenRAM_Project/OpenRAM_Memory_Design/cache/sram_sky130/l1i_tag_array/l1i_tag_array.lef
[2026-10-07 05:46:29.433727] /media/nisitha/My_Passport/MOODLE/OpenRAM_Project/OpenRAM_Memory_Design/cache/sram_sky130/l1i_tag_array/l1i_tag_array.gds
[2026-10-07 05:46:29.450390] [openram.sram_config/recompute_sizes]: Recomputing with words per row: 1
[2026-10-07 05:46:29.451050] [openram.sram_config/recompute_sizes]: Rows: 32 Cols: 10
[2026-10-07 05:46:29.451603] [openram.sram_config/recompute_sizes]: Row addr size: 5 Col addr size: 0 Bank addr size: 5
[2026-10-07 05:46:29.452059] [openram.sram_config/compute_sizes]: Set SRAM Words Per Row=1
[2026-10-07 05:46:29.466499] [openram.modules.bitcell_base_array/__init__]: Creating l1i_tag_array_capped_replica_bitcell_array 32 x 10
[2026-10-07 05:46:29.467014] [openram.modules.capped_replica_bitcell_array/__init__]: Creating l1i_tag_array_capped_replica_bitcell_array 32 x 10 rbls: [1, 1] left_rbl: [0] right_rbl: [1]
[2026-10-07 05:46:29.467886] [openram.modules.bitcell_base_array/__init__]: Creating l1i_tag_array_replica_bitcell_array 32 x 10
[2026-10-07 05:46:29.468552] [openram.modules.replica_bitcell_array/__init__]: Creating l1i_tag_array_replica_bitcell_array 32 x 10 rbls: [1, 1] left_rbl: [0] right_rbl: [1]
[2026-10-07 05:46:29.469431] [openram.modules.bitcell_base_array/__init__]: Creating l1i_tag_array_bitcell_array 32 x 10
[2026-10-07 05:46:29.470102] [openram.modules.bitcell_array/__init__]: Creating l1i_tag_array_bitcell_array 32 x 10
[2026-10-07 05:46:29.573382] [openram.modules.bitcell_base_array/__init__]: Creating l1i_tag_array_replica_column 34 x 1
[2026-10-07 05:46:29.607023] [openram.modules.bitcell_base_array/__init__]: Creating l1i_tag_array_replica_column_0 34 x 1
[2026-10-07 05:46:29.618414] [openram.modules.bitcell_base_array/__init__]: Creating l1i_tag_array_dummy_array 1 x 10
[2026-10-07 05:46:29.664468] [openram.modules.bitcell_base_array/__init__]: Creating l1i_tag_array_col_cap_array 1 x 12
[2026-10-07 05:46:29.670938] [openram.modules.bitcell_base_array/__init__]: Creating l1i_tag_array_col_cap_array_0 1 x 12
[2026-10-07 05:46:29.675320] [openram.modules.bitcell_base_array/__init__]: Creating l1i_tag_array_row_cap_array 34 x 1
[2026-10-07 05:46:29.685125] [openram.modules.bitcell_base_array/__init__]: Creating l1i_tag_array_row_cap_array_0 34 x 1
[2026-10-07 05:46:29.736947] [openram.modules.and2_dec/__init__]: Creating and2_dec and2_dec
[2026-10-07 05:46:29.743454] [openram.modules.and3_dec/__init__]: Creating and3_dec and3_dec
[2026-10-07 05:46:29.764592] [openram.modules.and4_dec/__init__]: Creating and4_dec and4_dec
[2026-10-07 05:46:29.853265] [openram.modules.wordline_driver_array/__init__]: Creating l1i_tag_array_wordline_driver_array
[2026-10-07 05:46:29.854104] [openram.modules.wordline_driver/__init__]: Creating wordline_driver wordline_driver
[2026-10-07 05:46:29.888223] [openram.modules.and2_dec/__init__]: Creating and2_dec and2_dec_0
[2026-10-07 05:46:29.914361] [openram.modules.precharge_array/__init__]: Creating l1i_tag_array_precharge_array
[2026-10-07 05:46:29.922169] [openram.modules.write_driver_array/__init__]: Creating l1i_tag_array_write_driver_array
[2026-10-07 05:46:29.941620] [openram.modules.precharge_array/__init__]: Creating l1i_tag_array_precharge_array_0
[2026-10-07 05:46:29.949320] [openram.modules.sense_amp_array/__init__]: Creating l1i_tag_array_sense_amp_array
[2026-10-07 05:46:30.002008] [openram.modules.dff_array/__init__]: Creating l1i_tag_array_row_addr_dff rows=5 cols=1
[2026-10-07 05:46:30.005913] [openram.modules.dff_array/__init__]: Creating l1i_tag_array_data_dff rows=1 cols=10
[2026-10-07 05:46:30.010403] [openram.modules.control_logic_base/__init__]: Creating control_logic_w
[2026-10-07 05:46:30.011340] [openram.modules.dff_buf/__init__]: Creating l1i_tag_array_dff_buf
[2026-10-07 05:46:30.019661] [openram.modules.dff_buf_array/__init__]: Creating l1i_tag_array_dff_buf_array
[2026-10-07 05:46:30.020907] [openram.modules.dff_buf/__init__]: Creating l1i_tag_array_dff_buf_0
[2026-10-07 05:46:30.026044] [openram.modules.pand2/__init__]: Creating pand2 pand2
[2026-10-07 05:46:30.030325] [openram.modules.pdriver/__init__]: creating pdriver pdriver
[2026-10-07 05:46:30.035745] [openram.modules.pbuf/__init__]: creating pbuf with size of 10
[2026-10-07 05:46:30.041903] [openram.modules.pdriver/__init__]: creating pdriver pdriver_0
[2026-10-07 05:46:30.056040] [openram.modules.pdriver/__init__]: creating pdriver pdriver_1
[2026-10-07 05:46:30.058867] [openram.modules.pand3/__init__]: Creating pand3 pand3
[2026-10-07 05:46:30.062030] [openram.modules.pdriver/__init__]: creating pdriver pdriver_2
[2026-10-07 05:46:30.067947] [openram.modules.pand3/__init__]: Creating pand3 pand3_0
[2026-10-07 05:46:30.068730] [openram.modules.pdriver/__init__]: creating pdriver pdriver_3
[2026-10-07 05:46:30.071494] [openram.modules.pdriver/__init__]: creating pdriver pdriver_4
[2026-10-07 05:46:30.074745] [openram.modules.delay_chain/__init__]: creating delay chain [4, 4, 4, 4, 4, 4, 4, 4, 4]
[2026-10-07 05:46:30.104686] [openram.modules.control_logic_base/__init__]: Creating control_logic_r
[2026-10-07 05:46:30.114974] ** Submodules: 0.7 seconds
[2026-10-07 05:46:30.121937] ** Placement: 0.0 seconds
[2026-10-07 05:46:36.286426] [openram.base.hierarchy_layout/get_bbox]: Size: 232.90000000000003 x 174.02 with perimeter margin 0
[2026-10-07 05:46:36.300408] [openram.router.router_tech/__init__]: Minimum track width: 0.680
[2026-10-07 05:46:36.301029] [openram.router.router_tech/__init__]: Minimum track space: 0.300
[2026-10-07 05:46:36.301468] [openram.router.router_tech/__init__]: Minimum track wire width: 0.380
[2026-10-07 05:46:36.301851] [openram.router.signal_escape_router/route]: Running signal escape router...
[2026-10-07 05:46:44.243590] [openram.router.router_tech/__init__]: Minimum track width: 0.680
[2026-10-07 05:46:44.244229] [openram.router.router_tech/__init__]: Minimum track space: 0.300
[2026-10-07 05:46:44.244639] [openram.router.router_tech/__init__]: Minimum track wire width: 0.380
[2026-10-07 05:46:44.244989] [openram.router.supply_router/route]: Running router for vdd and gnd...
[2026-10-07 05:47:58.459416] ** Routing: 88.3 seconds
[2026-10-07 05:48:28.577970] [openram.verify.run_script/run_script]: Still running /tmp/openram_nisitha_1247698_temp/run_ext.sh (30 seconds)
[2026-10-07 05:48:58.582120] [openram.verify.run_script/run_script]: Still running /tmp/openram_nisitha_1247698_temp/run_ext.sh (60 seconds)
[2026-10-07 05:49:02.584662] WARNING: file magic.py: line 254: DRC Errors l1i_tag_array	6

[2026-10-07 05:49:03.590940] [openram.verify.magic/run_lvs]: l1i_tag_array	LVS matches
[2026-10-07 05:49:03.591527] ** Verification: 65.1 seconds
[2026-10-07 05:49:03.591686] ** SRAM creation: 154.1 seconds
[2026-10-07 05:49:03.591836] SP: Writing to /media/nisitha/My_Passport/MOODLE/OpenRAM_Project/OpenRAM_Memory_Design/cache/sram_sky130/l1i_tag_array/l1i_tag_array.sp
[2026-10-07 05:49:03.604293] [openram.characterizer.functional/__init__]: Random seed for functional simulation: 1791332343604003295
[2026-10-07 05:49:03.624861] ** Spice writing: 0.0 seconds
[2026-10-07 05:49:03.625000] DELAY: Writing stimulus...
[2026-10-07 05:49:03.738017] [openram.characterizer.delay/create_sen_and_bitline_path_measures]: self.bl_name = xl1i_tag_array.xbank0.bl_1_9
[2026-10-07 05:49:03.740358] ** DELAY: 0.1 seconds
[2026-10-07 05:49:03.751892] GDS: Writing to /media/nisitha/My_Passport/MOODLE/OpenRAM_Project/OpenRAM_Memory_Design/cache/sram_sky130/l1i_tag_array/l1i_tag_array.gds
[2026-10-07 05:49:03.847067] ** GDS: 0.1 seconds
[2026-10-07 05:49:03.847212] LEF: Writing to /media/nisitha/My_Passport/MOODLE/OpenRAM_Project/OpenRAM_Memory_Design/cache/sram_sky130/l1i_tag_array/l1i_tag_array.lef
[2026-10-07 05:49:03.852273] ** LEF: 0.0 seconds
[2026-10-07 05:49:03.852416] LVS: Writing to /media/nisitha/My_Passport/MOODLE/OpenRAM_Project/OpenRAM_Memory_Design/cache/sram_sky130/l1i_tag_array/l1i_tag_array.lvs.sp
[2026-10-07 05:49:03.867770] ** LVS writing: 0.0 seconds
[2026-10-07 05:49:03.867939] LIB: Characterizing... 
[2026-10-07 05:49:03.868801] [openram.characterizer.lib/prepare_tables]: Slews: [0.00125 0.005   0.04   ]
[2026-10-07 05:49:03.869391] [openram.characterizer.lib/prepare_tables]: Loads: [ 1.7225  6.89   27.56  ]
[2026-10-07 05:49:03.869886] [openram.characterizer.lib/prepare_tables]: self.load_slews : [(np.float64(1.7225), np.float64(0.00125)), (np.float64(6.89), np.float64(0.00125)), (np.float64(27.56), np.float64(0.00125)), (np.float64(1.7225), np.float64(0.005)), (np.float64(6.89), np.float64(0.005)), (np.float64(27.56), np.float64(0.005)), (np.float64(1.7225), np.float64(0.04)), (np.float64(6.89), np.float64(0.04)), (np.float64(27.56), np.float64(0.04))]
[2026-10-07 05:49:03.870278] [openram.characterizer.lib/characterize_corners]: Characterizing corners: [('TT', 1.8, 25)]
[2026-10-07 05:49:03.870662] [openram.characterizer.lib/characterize_corners]: Corner: ('TT', 1.8, 25)
[2026-10-07 05:49:03.871193] [openram.characterizer.lib/characterize_corners]: Writing to /media/nisitha/My_Passport/MOODLE/OpenRAM_Project/OpenRAM_Memory_Design/cache/sram_sky130/l1i_tag_array/l1i_tag_array_TT_1p8V_25C.lib
[2026-10-07 05:49:03.872005] WARNING: file elmore.py: line 45: In analytical mode, all ports have the timing of the first read port.

[2026-10-07 05:49:03.989566] [openram.characterizer.elmore/analytical_power]: Dynamic Power: 2168412122.1822147 mW
[2026-10-07 05:49:03.990399] [openram.characterizer.elmore/analytical_power]: Leakage Power: 0.000787 mW
[2026-10-07 05:49:03.990882] [openram.characterizer.elmore/get_lib_values]: Slew, Load, Delay(ns), Slew(ns)
[2026-10-07 05:49:03.991506] [openram.characterizer.elmore/get_lib_values]: 0.00125, 1.7225, 0.2131823660714286, 0.00167765625
[2026-10-07 05:49:03.992080] [openram.characterizer.elmore/get_lib_values]: 0.00125, 6.89, 0.24224955357142858, 0.004584374999999999
[2026-10-07 05:49:03.992664] [openram.characterizer.elmore/get_lib_values]: 0.00125, 27.56, 0.35851830357142855, 0.016211249999999996
[2026-10-07 05:49:03.993200] [openram.characterizer.elmore/get_lib_values]: 0.005, 1.7225, 0.2131823660714286, 0.00167765625
[2026-10-07 05:49:03.993753] [openram.characterizer.elmore/get_lib_values]: 0.005, 6.89, 0.24224955357142858, 0.004584374999999999
[2026-10-07 05:49:03.994367] [openram.characterizer.elmore/get_lib_values]: 0.005, 27.56, 0.35851830357142855, 0.016211249999999996
[2026-10-07 05:49:03.994930] [openram.characterizer.elmore/get_lib_values]: 0.04, 1.7225, 0.2131823660714286, 0.00167765625
[2026-10-07 05:49:03.995494] [openram.characterizer.elmore/get_lib_values]: 0.04, 6.89, 0.24224955357142858, 0.004584374999999999
[2026-10-07 05:49:03.996036] [openram.characterizer.elmore/get_lib_values]: 0.04, 27.56, 0.35851830357142855, 0.016211249999999996
[2026-10-07 05:49:04.000565] ** Characterization: 0.1 seconds
[2026-10-07 05:49:04.001383] Config: Writing to /media/nisitha/My_Passport/MOODLE/OpenRAM_Project/OpenRAM_Memory_Design/cache/sram_sky130/l1i_tag_array/l1i_tag_array.py
[2026-10-07 05:49:04.001617] ** Config: 0.0 seconds
[2026-10-07 05:49:04.002733] Datasheet: Writing to /media/nisitha/My_Passport/MOODLE/OpenRAM_Project/OpenRAM_Memory_Design/cache/sram_sky130/l1i_tag_array/l1i_tag_array.html
[2026-10-07 05:49:04.004882] ** Datasheet: 0.0 seconds
[2026-10-07 05:49:04.005088] Verilog: Writing to /media/nisitha/My_Passport/MOODLE/OpenRAM_Project/OpenRAM_Memory_Design/cache/sram_sky130/l1i_tag_array/l1i_tag_array.v
[2026-10-07 05:49:04.005568] ** Verilog: 0.0 seconds
[2026-10-07 05:49:04.006178] [openram.globals/purge_temp]: Purging temp directory: /tmp/openram_nisitha_1247698_temp/
[2026-10-07 05:49:04.013531] [openram.verify.magic/print_drc_stats]: DRC runs: 1
[2026-10-07 05:49:04.013958] [openram.verify.magic/print_lvs_stats]: LVS runs: 1
[2026-10-07 05:49:04.014345] [openram.verify.magic/print_pex_stats]: PEX runs: 0
[2026-10-07 05:49:04.014587] ** End: 154.6 seconds
